[
  {"line": "2026-01-11T03:24:19.028936+01:00 Grossi-Andersen rsyslogd: [origin software=\"rsyslogd\" swVersion=\"8.2312.0\" x-pid=\"205\" x-info=\"https://www.rsyslog.com\"] rsyslogd was HUPed"},
  {"line": "2026-01-11T03:24:19.055813+01:00 Grossi-Andersen systemd[1]: logrotate.service: Deactivated successfully."},
  {"line": "2026-01-11T03:24:19.056594+01:00 Grossi-Andersen systemd[1]: Finished logrotate.service - Rotate log files."},
  {"line": "2026-01-11T03:24:19.218430+01:00 Grossi-Andersen systemd[1]: dpkg-db-backup.service: Deactivated successfully."},
  {"line": "2026-01-11T03:24:19.218956+01:00 Grossi-Andersen systemd[1]: Finished dpkg-db-backup.service - Daily dpkg database backup service."},
  {"line": "2026-01-11T03:25:38.679369+01:00 Grossi-Andersen systemd-resolved[104]: Clock change detected. Flushing caches."},
  {"line": "2026-01-11T04:13:44.263595+01:00 Grossi-Andersen systemd-resolved[104]: Clock change detected. Flushing caches."},
  {"line": "2026-01-11T04:13:44.297325+01:00 Grossi-Andersen systemd[1]: Starting apt-daily.service - Daily apt download activities..."},
  {"line": "2026-01-11T04:13:44.322978+01:00 Grossi-Andersen systemd[1]: Starting man-db.service - Daily man-db regeneration..."},
  {"line": "2026-01-11T04:13:45.125713+01:00 Grossi-Andersen systemd[1]: man-db.service: Deactivated successfully."},
  {"line": "2026-01-11T04:13:45.126276+01:00 Grossi-Andersen systemd[1]: Finished man-db.service - Daily man-db regeneration."},
  {"line": "2026-01-11T04:13:45.580397+01:00 Grossi-Andersen systemd[1]: Starting apt-news.service - Update APT News..."},
  {"line": "2026-01-11T04:13:45.587366+01:00 Grossi-Andersen systemd[1]: Starting esm-cache.service - Update the local ESM caches..."},
  {"line": "2026-01-11T04:13:46.465755+01:00 Grossi-Andersen systemd[1]: esm-cache.service: Deactivated successfully."},
  {"line": "2026-01-11T04:13:46.466091+01:00 Grossi-Andersen systemd[1]: Finished esm-cache.service - Update the local ESM caches."},
  {"line": "2026-01-11T04:13:47.104643+01:00 Grossi-Andersen dbus-daemon[182]: [system] Activating via systemd: service name='org.freedesktop.PackageKit' unit='packagekit.service' requested by ':1.79' (uid=0 pid=6450 comm=\"/usr/bin/gdbus call --system --dest org.freedeskto\" label=\"kernel\")"},
  {"line": "2026-01-11T04:13:47.136328+01:00 Grossi-Andersen systemd[1]: Starting packagekit.service - PackageKit Daemon..."},
  {"line": "2026-01-11T04:13:47.143894+01:00 Grossi-Andersen PackageKit: daemon start"},
  {"line": "2026-01-11T04:13:47.200587+01:00 Grossi-Andersen dbus-daemon[182]: [system] Successfully activated service 'org.freedesktop.PackageKit'"},
  {"line": "2026-01-11T04:13:47.200983+01:00 Grossi-Andersen systemd[1]: Started packagekit.service - PackageKit Daemon."},
  {"line": "2026-01-11T04:13:50.562116+01:00 Grossi-Andersen systemd[1]: apt-daily.service: Deactivated successfully."},
  {"line": "2026-01-11T04:13:50.562763+01:00 Grossi-Andersen systemd[1]: Finished apt-daily.service - Daily apt download activities."},
  {"line": "2026-01-11T04:13:50.563074+01:00 Grossi-Andersen systemd[1]: apt-daily.service: Consumed 5.203s CPU time."},
  {"line": "2026-01-11T04:13:50.796004+01:00 Grossi-Andersen systemd[1]: apt-news.service: Deactivated successfully."},
  {"line": "2026-01-11T04:13:50.796335+01:00 Grossi-Andersen systemd[1]: Finished apt-news.service - Update APT News."},
  {"line": "2026-01-11T04:13:57.887955+01:00 Grossi-Andersen kernel: WSL (291) ERROR: CheckConnection: getaddrinfo() failed: -5"},
  {"line": "2026-01-11T04:13:57.888271+01:00 Grossi-Andersen kernel: Exception: "},
  {"line": "2026-01-11T04:13:57.888452+01:00 Grossi-Andersen kernel: Operation canceled @p9io.cpp:258 (AcceptAsync)"},
  {"line": "2026-01-11T04:13:57.888492+01:00 Grossi-Andersen kernel: "},
  {"line": "2026-01-11T04:13:58.016749+01:00 Grossi-Andersen systemd[1]: unattended-upgrades.service: Deactivated successfully."},
  {"line": "2026-01-11T04:13:58.018417+01:00 Grossi-Andersen systemd[1]: Stopped unattended-upgrades.service - Unattended Upgrades Shutdown."},
  {"line": "2026-01-11T04:13:58.021273+01:00 Grossi-Andersen systemd[1]: Stopping session-1.scope - Session 1 of User conny_grossiandersen..."},
  {"line": "2026-01-11T04:13:58.022963+01:00 Grossi-Andersen systemd[1]: Removed slice system-modprobe.slice - Slice /system/modprobe."},
  {"line": "2026-01-11T04:13:58.023478+01:00 Grossi-Andersen systemd[1]: Stopped target graphical.target - Graphical Interface."},
  {"line": "2026-01-11T04:13:58.023885+01:00 Grossi-Andersen systemd[1]: Stopped target multi-user.target - Multi-User System."},
  {"line": "2026-01-11T04:13:58.024074+01:00 Grossi-Andersen systemd[1]: Stopped target getty.target - Login Prompts."},
  {"line": "2026-01-11T04:13:58.024340+01:00 Grossi-Andersen systemd[1]: Stopped target network-online.target - Network is Online."},
  {"line": "2026-01-11T04:13:58.024629+01:00 Grossi-Andersen systemd[1]: Stopped target nss-lookup.target - Host and Network Name Lookups."},
  {"line": "2026-01-11T04:13:58.024995+01:00 Grossi-Andersen systemd[1]: Stopped target timers.target - Timer Units."},
  {"line": "2026-01-11T04:13:58.025318+01:00 Grossi-Andersen systemd[1]: apt-daily-upgrade.timer: Deactivated successfully."},
  {"line": "2026-01-11T04:13:58.025555+01:00 Grossi-Andersen systemd[1]: Stopped apt-daily-upgrade.timer - Daily apt upgrade and clean activities."},
  {"line": "2026-01-11T04:13:58.025751+01:00 Grossi-Andersen systemd[1]: apt-daily.timer: Deactivated successfully."},
  {"line": "2026-01-11T04:13:58.025953+01:00 Grossi-Andersen systemd[1]: Stopped apt-daily.timer - Daily apt download activities."},
  {"line": "2026-01-11T04:13:58.026130+01:00 Grossi-Andersen systemd[1]: dpkg-db-backup.timer: Deactivated successfully."},
  {"line": "2026-01-11T04:13:58.026312+01:00 Grossi-Andersen systemd[1]: Stopped dpkg-db-backup.timer - Daily dpkg database backup timer."},
  {"line": "2026-01-11T04:13:58.026453+01:00 Grossi-Andersen systemd[1]: e2scrub_all.timer: Deactivated successfully."},
  {"line": "2026-01-11T04:13:58.026559+01:00 Grossi-Andersen systemd[1]: Stopped e2scrub_all.timer - Periodic ext4 Online Metadata Check for All Filesystems."},
  {"line": "2026-01-11T04:13:58.026807+01:00 Grossi-Andersen systemd[1]: logrotate.timer: Deactivated successfully."},
  {"line": "2026-01-11T04:13:58.027020+01:00 Grossi-Andersen systemd[1]: Stopped logrotate.timer - Daily rotation of log files."},
  {"line": "2026-01-11T04:13:58.027268+01:00 Grossi-Andersen systemd[1]: man-db.timer: Deactivated successfully."},
  {"line": "2026-01-11T04:13:58.027479+01:00 Grossi-Andersen systemd[1]: Stopped man-db.timer - Daily man-db regeneration."},
  {"line": "2026-01-11T04:13:58.027678+01:00 Grossi-Andersen systemd[1]: motd-news.timer: Deactivated successfully."},
  {"line": "2026-01-11T04:13:58.027826+01:00 Grossi-Andersen systemd[1]: Stopped motd-news.timer - Message of the Day."},
  {"line": "2026-01-11T04:13:58.027977+01:00 Grossi-Andersen systemd[1]: systemd-tmpfiles-clean.timer: Deactivated successfully."},
  {"line": "2026-01-11T04:13:58.028196+01:00 Grossi-Andersen systemd[1]: Stopped systemd-tmpfiles-clean.timer - Daily Cleanup of Temporary Directories."},
  {"line": "2026-01-11T04:13:58.028356+01:00 Grossi-Andersen systemd[1]: Stopped target time-set.target - System Time Set."},
  {"line": "2026-01-11T04:13:58.028862+01:00 Grossi-Andersen systemd[1]: Stopping console-getty.service - Console Getty..."},
  {"line": "2026-01-11T04:13:58.029602+01:00 Grossi-Andersen systemd[1]: Stopping cron.service - Regular background program processing daemon..."},
  {"line": "2026-01-11T04:13:58.031930+01:00 Grossi-Andersen systemd[1]: Stopping getty@tty1.service - Getty on tty1..."},
  {"line": "2026-01-11T04:13:58.032693+01:00 Grossi-Andersen systemd[1]: Stopping packagekit.service - PackageKit Daemon..."},
  {"line": "2026-01-11T04:13:58.033626+01:00 Grossi-Andersen systemd[1]: Stopping polkit.service - Authorization Manager..."},
  {"line": "2026-01-11T04:13:58.034333+01:00 Grossi-Andersen systemd[1]: Stopping rsyslog.service - System Logging Service..."},
  {"line": "2026-01-12T13:35:29.838845+01:00 Grossi-Andersen systemd[1]: modprobe@loop.service: Deactivated successfully."},
  {"line": "2026-01-12T13:35:29.839454+01:00 Grossi-Andersen systemd[1]: Finished modprobe@loop.service - Load Kernel Module loop."},
  {"line": "2026-01-12T13:35:29.839507+01:00 Grossi-Andersen systemd[1]: Finished systemd-modules-load.service - Load Kernel Modules."},
  {"line": "2026-01-12T13:35:29.839609+01:00 Grossi-Andersen kernel: Linux version 6.6.87.2-microsoft-standard-WSL2 (root@439a258ad544) (gcc (GCC) 11.2.0, GNU ld (GNU Binutils) 2.37) #1 SMP PREEMPT_DYNAMIC Thu Jun  5 18:30:46 UTC 2025"},
  {"line": "2026-01-12T13:35:29.839631+01:00 Grossi-Andersen kernel: Command line: initrd=\\initrd.img WSL_ROOT_INIT=1 panic=-1 nr_cpus=20 hv_utils.timesync_implicit=1 console=hvc0 debug pty.legacy_count=0 WSL_ENABLE_CRASH_DUMP=1"},
  {"line": "2026-01-12T13:35:29.839634+01:00 Grossi-Andersen kernel: KERNEL supported cpus:"},
  {"line": "2026-01-12T13:35:29.839635+01:00 Grossi-Andersen kernel:   Intel GenuineIntel"},
  {"line": "2026-01-12T13:35:29.839636+01:00 Grossi-Andersen kernel:   AMD AuthenticAMD"},
  {"line": "2026-01-12T13:35:29.839637+01:00 Grossi-Andersen kernel: BIOS-provided physical RAM map:"},
  {"line": "2026-01-12T13:35:29.839638+01:00 Grossi-Andersen kernel: BIOS-e820: [mem 0x0000000000000000-0x000000000009ffff] usable"},
  {"line": "2026-01-12T13:35:29.839643+01:00 Grossi-Andersen kernel: BIOS-e820: [mem 0x00000000000e0000-0x00000000000e0fff] reserved"},
  {"line": "2026-01-12T13:35:29.839644+01:00 Grossi-Andersen kernel: BIOS-e820: [mem 0x0000000000100000-0x00000000001fffff] ACPI data"},
  {"line": "2026-01-12T13:35:29.839645+01:00 Grossi-Andersen kernel: BIOS-e820: [mem 0x0000000000200000-0x00000000f7ffffff] usable"},
  {"line": "2026-01-12T13:35:29.839646+01:00 Grossi-Andersen kernel: BIOS-e820: [mem 0x0000000100000000-0x00000003813fffff] usable"},
  {"line": "2026-01-12T13:35:29.839647+01:00 Grossi-Andersen kernel: NX (Execute Disable) protection: active"},
  {"line": "2026-01-12T13:35:29.839648+01:00 Grossi-Andersen kernel: APIC: Static calls initialized"},
  {"line": "2026-01-12T13:35:29.839649+01:00 Grossi-Andersen kernel: DMI not present or invalid."},
  {"line": "2026-01-12T13:35:29.839653+01:00 Grossi-Andersen kernel: Hypervisor detected: Microsoft Hyper-V"},
  {"line": "2026-01-12T13:35:29.839654+01:00 Grossi-Andersen kernel: Hyper-V: privilege flags low 0xae7f, high 0x3b8030, hints 0x900c2c, misc 0xe4bed7b6"},
  {"line": "2026-01-12T13:35:29.839655+01:00 Grossi-Andersen kernel: Hyper-V: Nested features: 0x4a0000"},
  {"line": "2026-01-12T13:35:29.839656+01:00 Grossi-Andersen kernel: Hyper-V: LAPIC Timer Frequency: 0xc3500"},
  {"line": "2026-01-12T13:35:29.839658+01:00 Grossi-Andersen kernel: Hyper-V: Using hypercall for remote TLB flush"},
  {"line": "2026-01-12T13:35:29.839659+01:00 Grossi-Andersen kernel: clocksource: hyperv_clocksource_tsc_page: mask: 0xffffffffffffffff max_cycles: 0x24e6a1710, max_idle_ns: 440795202120 ns"},
  {"line": "2026-01-12T13:35:29.839667+01:00 Grossi-Andersen kernel: clocksource: hyperv_clocksource_msr: mask: 0xffffffffffffffff max_cycles: 0x24e6a1710, max_idle_ns: 440795202120 ns"},
  {"line": "2026-01-12T13:35:29.839670+01:00 Grossi-Andersen kernel: tsc: Detected 1996.182 MHz processor"},
  {"line": "2026-01-12T13:35:29.839671+01:00 Grossi-Andersen kernel: e820: update [mem 0x00000000-0x00000fff] usable ==> reserved"},
  {"line": "2026-01-12T13:35:29.839672+01:00 Grossi-Andersen kernel: e820: remove [mem 0x000a0000-0x000fffff] usable"},
  {"line": "2026-01-12T13:35:29.839674+01:00 Grossi-Andersen kernel: last_pfn = 0x381400 max_arch_pfn = 0x400000000"},
  {"line": "2026-01-12T13:35:29.839674+01:00 Grossi-Andersen kernel: MTRR map: 5 entries (4 fixed + 1 variable; max 20), built from 8 variable MTRRs"},
  {"line": "2026-01-12T13:35:29.839513+01:00 Grossi-Andersen systemd[1]: Finished systemd-remount-fs.service - Remount Root and Kernel File Systems."},
  {"line": "2026-01-12T13:35:29.839799+01:00 Grossi-Andersen systemd[1]: Finished keyboard-setup.service - Set the console keyboard layout."},
  {"line": "2026-01-12T13:35:29.839823+01:00 Grossi-Andersen systemd[1]: Mounting sys-fs-fuse-connections.mount - FUSE Control File System..."},
  {"line": "2026-01-12T13:35:29.839833+01:00 Grossi-Andersen systemd[1]: Mounting sys-kernel-config.mount - Kernel Configuration File System..."},
  {"line": "2026-01-12T13:35:29.839842+01:00 Grossi-Andersen systemd[1]: systemd-hwdb-update.service - Rebuild Hardware Database was skipped because of an unmet condition check (ConditionNeedsUpdate=/etc)."},
  {"line": "2026-01-12T13:35:29.839875+01:00 Grossi-Andersen systemd[1]: Starting systemd-journal-flush.service - Flush Journal to Persistent Storage..."},
  {"line": "2026-01-12T13:35:29.839882+01:00 Grossi-Andersen kernel: x86/PAT: Configuration [0-7]: WB  WC  UC- UC  WB  WP  UC- WT  "},
  {"line": "2026-01-12T13:35:29.839894+01:00 Grossi-Andersen kernel: last_pfn = 0xf8000 max_arch_pfn = 0x400000000"},
  {"line": "2026-01-12T13:35:29.839891+01:00 Grossi-Andersen systemd[1]: systemd-pstore.service - Platform Persistent Storage Archival was skipped because of an unmet condition check (ConditionVirtualization=!container)."},
  {"line": "2026-01-12T13:35:29.839896+01:00 Grossi-Andersen kernel: Using GB pages for direct mapping"},
  {"line": "2026-01-12T13:35:29.839898+01:00 Grossi-Andersen kernel: RAMDISK: [mem 0x04be4000-0x04e8bfff]"},
  {"line": "2026-01-12T13:35:29.839899+01:00 Grossi-Andersen kernel: ACPI: Early table checksum verification disabled"},
  {"line": "2026-01-12T13:35:29.839901+01:00 Grossi-Andersen kernel: ACPI: RSDP 0x00000000000E0000 000024 (v02 VRTUAL)"},
  {"line": "2026-01-12T13:35:29.839899+01:00 Grossi-Andersen systemd[1]: systemd-random-seed.service - Load/Save OS Random Seed was skipped because of an unmet condition check (ConditionVirtualization=!container)."},
  {"line": "2026-01-12T13:35:29.839909+01:00 Grossi-Andersen kernel: ACPI: XSDT 0x0000000000100000 000044 (v01 VRTUAL MICROSFT 00000001 MSFT 00000001)"},
  {"line": "2026-01-12T13:35:29.839907+01:00 Grossi-Andersen systemd[1]: systemd-repart.service - Repartition Root Disk was skipped because of an unmet condition check (ConditionVirtualization=!container)."},
  {"line": "2026-01-12T13:35:29.839911+01:00 Grossi-Andersen kernel: ACPI: FACP 0x0000000000101000 000114 (v06 VRTUAL MICROSFT 00000001 MSFT 00000001)"},
  {"line": "2026-01-12T13:35:29.839913+01:00 Grossi-Andersen kernel: ACPI: DSDT 0x00000000001011B8 01E11C (v02 MSFTVM DSDT01   00000001 INTL 20230628)"},
  {"line": "2026-01-12T13:35:29.839915+01:00 Grossi-Andersen kernel: ACPI: FACS 0x0000000000101114 000040"},
  {"line": "2026-01-12T13:35:29.839917+01:00 Grossi-Andersen kernel: ACPI: OEM0 0x0000000000101154 000064 (v01 VRTUAL MICROSFT 00000001 MSFT 00000001)"},
  {"line": "2026-01-12T13:35:29.839918+01:00 Grossi-Andersen kernel: ACPI: SRAT 0x000000000011F2D4 0003F0 (v02 VRTUAL MICROSFT 00000001 MSFT 00000001)"},
  {"line": "2026-01-12T13:35:29.839919+01:00 Grossi-Andersen kernel: ACPI: APIC 0x000000000011F6C4 0000E8 (v04 VRTUAL MICROSFT 00000001 MSFT 00000001)"},
  {"line": "2026-01-12T13:35:29.839915+01:00 Grossi-Andersen systemd[1]: Starting systemd-sysctl.service - Apply Kernel Variables..."},
  {"line": "2026-01-12T13:35:29.839923+01:00 Grossi-Andersen kernel: ACPI: Reserving FACP table memory at [mem 0x101000-0x101113]"},
  {"line": "2026-01-12T13:35:29.839925+01:00 Grossi-Andersen kernel: ACPI: Reserving DSDT table memory at [mem 0x1011b8-0x11f2d3]"},
  {"line": "2026-01-12T13:35:29.839927+01:00 Grossi-Andersen kernel: ACPI: Reserving FACS table memory at [mem 0x101114-0x101153]"},
  {"line": "2026-01-12T13:35:29.839929+01:00 Grossi-Andersen kernel: ACPI: Reserving OEM0 table memory at [mem 0x101154-0x1011b7]"},
  {"line": "2026-01-12T13:35:29.839926+01:00 Grossi-Andersen systemd[1]: Starting systemd-tmpfiles-setup-dev-early.service - Create Static Device Nodes in /dev gracefully..."},
  {"line": "2026-01-12T13:35:29.839930+01:00 Grossi-Andersen kernel: ACPI: Reserving SRAT table memory at [mem 0x11f2d4-0x11f6c3]"},
  {"line": "2026-01-12T13:35:29.839931+01:00 Grossi-Andersen kernel: ACPI: Reserving APIC table memory at [mem 0x11f6c4-0x11f7ab]"},
  {"line": "2026-01-12T13:35:29.839936+01:00 Grossi-Andersen kernel: SRAT: PXM 0 -> APIC 0x00 -> Node 0"},
  {"line": "2026-01-12T13:35:29.839932+01:00 Grossi-Andersen systemd[1]: systemd-tpm2-setup.service - TPM2 SRK Setup was skipped because of an unmet condition check (ConditionSecurity=measured-uki)."},
  {"line": "2026-01-12T13:35:29.839937+01:00 Grossi-Andersen kernel: SRAT: PXM 0 -> APIC 0x01 -> Node 0"},
  {"line": "2026-01-12T13:35:29.839939+01:00 Grossi-Andersen kernel: SRAT: PXM 0 -> APIC 0x02 -> Node 0"},
  {"line": "2026-01-12T13:35:29.839941+01:00 Grossi-Andersen kernel: SRAT: PXM 0 -> APIC 0x03 -> Node 0"},
  {"line": "2026-01-12T13:35:29.839942+01:00 Grossi-Andersen kernel: SRAT: PXM 0 -> APIC 0x04 -> Node 0"},
  {"line": "2026-01-12T13:35:29.839940+01:00 Grossi-Andersen systemd[1]: Mounted sys-fs-fuse-connections.mount - FUSE Control File System."},
  {"line": "2026-01-12T13:35:29.839943+01:00 Grossi-Andersen kernel: SRAT: PXM 0 -> APIC 0x05 -> Node 0"},
  {"line": "2026-01-12T13:35:29.839944+01:00 Grossi-Andersen kernel: SRAT: PXM 0 -> APIC 0x06 -> Node 0"},
  {"line": "2026-01-12T13:35:29.839948+01:00 Grossi-Andersen kernel: SRAT: PXM 0 -> APIC 0x07 -> Node 0"},
  {"line": "2026-01-12T13:35:29.839946+01:00 Grossi-Andersen systemd[1]: Mounted sys-kernel-config.mount - Kernel Configuration File System."},
  {"line": "2026-01-12T13:35:29.839951+01:00 Grossi-Andersen kernel: SRAT: PXM 0 -> APIC 0x08 -> Node 0"},
  {"line": "2026-01-12T13:35:29.839953+01:00 Grossi-Andersen kernel: SRAT: PXM 0 -> APIC 0x09 -> Node 0"},
  {"line": "2026-01-12T13:35:29.839954+01:00 Grossi-Andersen kernel: SRAT: PXM 0 -> APIC 0x0a -> Node 0"},
  {"line": "2026-01-12T13:35:29.839955+01:00 Grossi-Andersen kernel: SRAT: PXM 0 -> APIC 0x0b -> Node 0"},
  {"line": "2026-01-12T13:35:29.839957+01:00 Grossi-Andersen kernel: SRAT: PXM 0 -> APIC 0x0c -> Node 0"},
  {"line": "2026-01-12T13:35:29.839953+01:00 Grossi-Andersen systemd-sysctl[76]: Couldn't write '1' to 'kernel/apparmor_restrict_unprivileged_userns', ignoring: No such file or directory"},
  {"line": "2026-01-12T13:35:29.839961+01:00 Grossi-Andersen kernel: SRAT: PXM 0 -> APIC 0x0d -> Node 0"},
  {"line": "2026-01-12T13:35:29.839962+01:00 Grossi-Andersen kernel: SRAT: PXM 0 -> APIC 0x0e -> Node 0"},
  {"line": "2026-01-12T13:35:29.839963+01:00 Grossi-Andersen kernel: SRAT: PXM 0 -> APIC 0x0f -> Node 0"},
  {"line": "2026-01-12T13:35:29.839965+01:00 Grossi-Andersen kernel: SRAT: PXM 0 -> APIC 0x10 -> Node 0"},
  {"line": "2026-01-12T13:35:29.839966+01:00 Grossi-Andersen kernel: SRAT: PXM 0 -> APIC 0x11 -> Node 0"},
  {"line": "2026-01-12T13:35:29.839968+01:00 Grossi-Andersen kernel: SRAT: PXM 0 -> APIC 0x12 -> Node 0"},
  {"line": "2026-01-12T13:35:29.839962+01:00 Grossi-Andersen systemd[1]: Finished systemd-sysctl.service - Apply Kernel Variables."},
  {"line": "2026-01-12T13:35:29.839971+01:00 Grossi-Andersen kernel: SRAT: PXM 0 -> APIC 0x13 -> Node 0"},
  {"line": "2026-01-12T13:35:29.839973+01:00 Grossi-Andersen kernel: ACPI: SRAT: Node 0 PXM 0 [mem 0x00000000-0xf7ffffff] hotplug"},
  {"line": "2026-01-12T13:35:29.839974+01:00 Grossi-Andersen kernel: ACPI: SRAT: Node 0 PXM 0 [mem 0x100000000-0x3813fffff] hotplug"},
  {"line": "2026-01-12T13:35:29.839975+01:00 Grossi-Andersen kernel: ACPI: SRAT: Node 0 PXM 0 [mem 0x381400000-0x9ffdfffff] hotplug"},
  {"line": "2026-01-12T13:35:29.839973+01:00 Grossi-Andersen systemd[1]: Finished systemd-tmpfiles-setup-dev-early.service - Create Static Device Nodes in /dev gracefully."},
  {"line": "2026-01-12T13:35:29.839977+01:00 Grossi-Andersen kernel: ACPI: SRAT: Node 0 PXM 0 [mem 0x1000000000-0xfcffffffff] hotplug"},
  {"line": "2026-01-12T13:35:29.839977+01:00 Grossi-Andersen kernel: ACPI: SRAT: Node 0 PXM 0 [mem 0x10000000000-0x1ffffffffff] hotplug"},
  {"line": "2026-01-12T13:35:29.839979+01:00 Grossi-Andersen kernel: ACPI: SRAT: Node 0 PXM 0 [mem 0x20000000000-0x3ffffffffff] hotplug"},
  {"line": "2026-01-12T13:35:29.839979+01:00 Grossi-Andersen systemd[1]: systemd-sysusers.service - Create System Users was skipped because no trigger condition checks were met."},
  {"line": "2026-01-12T13:35:29.839982+01:00 Grossi-Andersen kernel: ACPI: SRAT: Node 0 PXM 0 [mem 0x40000000000-0x7ffffffffff] hotplug"},
  {"line": "2026-01-12T13:35:29.839984+01:00 Grossi-Andersen kernel: ACPI: SRAT: Node 0 PXM 0 [mem 0x80000000000-0xfffffffffff] hotplug"},
  {"line": "2026-01-12T13:35:29.839985+01:00 Grossi-Andersen kernel: ACPI: SRAT: Node 0 PXM 0 [mem 0x100000000000-0x1fffffffffff] hotplug"},
  {"line": "2026-01-12T13:35:29.839987+01:00 Grossi-Andersen kernel: ACPI: SRAT: Node 0 PXM 0 [mem 0x200000000000-0x3fffffffffff] hotplug"},
  {"line": "2026-01-12T13:35:29.839988+01:00 Grossi-Andersen kernel: ACPI: SRAT: Node 0 PXM 0 [mem 0x400000000000-0x7fffffffffff] hotplug"},
  {"line": "2026-01-12T13:35:29.839985+01:00 Grossi-Andersen systemd[1]: Starting systemd-tmpfiles-setup-dev.service - Create Static Device Nodes in /dev..."},
  {"line": "2026-01-12T13:35:29.839989+01:00 Grossi-Andersen kernel: ACPI: SRAT: Node 0 PXM 0 [mem 0x800000000000-0xffffffffffff] hotplug"},
  {"line": "2026-01-12T13:35:29.839993+01:00 Grossi-Andersen kernel: ACPI: SRAT: Node 0 PXM 0 [mem 0x1000000000000-0x1ffffffffffff] hotplug"},
  {"line": "2026-01-12T13:35:29.839994+01:00 Grossi-Andersen kernel: ACPI: SRAT: Node 0 PXM 0 [mem 0x2000000000000-0x3ffffffffffff] hotplug"},
  {"line": "2026-01-12T13:35:29.839995+01:00 Grossi-Andersen kernel: ACPI: SRAT: Node 0 PXM 0 [mem 0x4000000000000-0x7ffffffffffff] hotplug"},
  {"line": "2026-01-12T13:35:29.839992+01:00 Grossi-Andersen systemd[1]: Finished systemd-journal-flush.service - Flush Journal to Persistent Storage."},
  {"line": "2026-01-12T13:35:29.839996+01:00 Grossi-Andersen kernel: ACPI: SRAT: Node 0 PXM 0 [mem 0x8000000000000-0xfffffffffffff] hotplug"},
  {"line": "2026-01-12T13:35:29.839998+01:00 Grossi-Andersen kernel: NUMA: Node 0 [mem 0x00000000-0xf7ffffff] + [mem 0x100000000-0x3813fffff] -> [mem 0x00000000-0x3813fffff]"},
  {"line": "2026-01-12T13:35:29.839999+01:00 Grossi-Andersen kernel: NODE_DATA(0) allocated [mem 0x3813de000-0x3813fffff]"},
  {"line": "2026-01-12T13:35:29.840003+01:00 Grossi-Andersen kernel: Zone ranges:"},
  {"line": "2026-01-12T13:35:29.840004+01:00 Grossi-Andersen kernel:   DMA32    [mem 0x0000000000001000-0x00000000ffffffff]"},
  {"line": "2026-01-12T13:35:29.840006+01:00 Grossi-Andersen kernel:   Normal   [mem 0x0000000100000000-0x00000003813fffff]"},
  {"line": "2026-01-12T13:35:29.839999+01:00 Grossi-Andersen systemd[1]: Finished systemd-tmpfiles-setup-dev.service - Create Static Device Nodes in /dev."},
  {"line": "2026-01-12T13:35:29.840007+01:00 Grossi-Andersen kernel:   Device   empty"},
  {"line": "2026-01-12T13:35:29.840009+01:00 Grossi-Andersen kernel: Movable zone start for each node"},
  {"line": "2026-01-12T13:35:29.840011+01:00 Grossi-Andersen kernel: Early memory node ranges"},
  {"line": "2026-01-12T13:35:29.840012+01:00 Grossi-Andersen kernel:   node   0: [mem 0x0000000000001000-0x000000000009ffff]"},
  {"line": "2026-01-12T13:35:29.840009+01:00 Grossi-Andersen systemd[1]: Reached target local-fs-pre.target - Preparation for Local File Systems."},
  {"line": "2026-01-12T13:35:29.840016+01:00 Grossi-Andersen kernel:   node   0: [mem 0x0000000000200000-0x00000000f7ffffff]"},
  {"line": "2026-01-12T13:35:29.840017+01:00 Grossi-Andersen kernel:   node   0: [mem 0x0000000100000000-0x00000003813fffff]"},
  {"line": "2026-01-12T13:35:29.840015+01:00 Grossi-Andersen systemd[1]: Reached target local-fs.target - Local File Systems."},
  {"line": "2026-01-12T13:35:29.840019+01:00 Grossi-Andersen kernel: Initmem setup node 0 [mem 0x0000000000001000-0x00000003813fffff]"},
  {"line": "2026-01-12T13:35:29.840021+01:00 Grossi-Andersen kernel: On node 0, zone DMA32: 1 pages in unavailable ranges"},
  {"line": "2026-01-12T13:35:29.840022+01:00 Grossi-Andersen kernel: On node 0, zone DMA32: 352 pages in unavailable ranges"},
  {"line": "2026-01-12T13:35:29.840021+01:00 Grossi-Andersen systemd[1]: Listening on systemd-sysext.socket - System Extension Image Management (Varlink)."},
  {"line": "2026-01-12T13:35:29.840024+01:00 Grossi-Andersen kernel: On node 0, zone Normal: 27648 pages in unavailable ranges"},
  {"line": "2026-01-12T13:35:29.840029+01:00 Grossi-Andersen kernel: ACPI: PM-Timer IO Port: 0x408"},
  {"line": "2026-01-12T13:35:29.840027+01:00 Grossi-Andersen systemd[1]: apparmor.service - Load AppArmor profiles was skipped because of an unmet condition check (ConditionSecurity=apparmor)."},
  {"line": "2026-01-12T13:35:29.840030+01:00 Grossi-Andersen kernel: ACPI: LAPIC_NMI (acpi_id[0x01] dfl dfl lint[0x1])"},
  {"line": "2026-01-12T13:35:29.840031+01:00 Grossi-Andersen kernel: IOAPIC[0]: apic_id 20, version 17, address 0xfec00000, GSI 0-23"},
  {"line": "2026-01-12T13:35:29.840034+01:00 Grossi-Andersen kernel: ACPI: INT_SRC_OVR (bus 0 bus_irq 9 global_irq 9 high level)"},
  {"line": "2026-01-12T13:35:29.840035+01:00 Grossi-Andersen kernel: ACPI: Using ACPI (MADT) for SMP configuration information"},
  {"line": "2026-01-12T13:35:29.840032+01:00 Grossi-Andersen systemd[1]: Starting console-setup.service - Set console font and keymap..."},
  {"line": "2026-01-12T13:35:29.840036+01:00 Grossi-Andersen kernel: smpboot: Allowing 20 CPUs, 0 hotplug CPUs"},
  {"line": "2026-01-12T13:35:29.840037+01:00 Grossi-Andersen kernel: PM: hibernation: Registered nosave memory: [mem 0x00000000-0x00000fff]"},
  {"line": "2026-01-12T13:35:29.840041+01:00 Grossi-Andersen kernel: PM: hibernation: Registered nosave memory: [mem 0x000a0000-0x000dffff]"},
  {"line": "2026-01-12T13:35:29.840042+01:00 Grossi-Andersen kernel: PM: hibernation: Registered nosave memory: [mem 0x000e0000-0x000e0fff]"},
  {"line": "2026-01-12T13:35:29.840038+01:00 Grossi-Andersen systemd[1]: ldconfig.service - Rebuild Dynamic Linker Cache was skipped because no trigger condition checks were met."},
  {"line": "2026-01-12T13:35:29.840070+01:00 Grossi-Andersen systemd[1]: snapd.apparmor.service - Load AppArmor profiles managed internally by snapd was skipped because of an unmet condition check (ConditionSecurity=apparmor)."},
  {"line": "2026-01-12T13:35:29.840044+01:00 Grossi-Andersen kernel: PM: hibernation: Registered nosave memory: [mem 0x000e1000-0x000fffff]"},
  {"line": "2026-01-12T13:35:29.840079+01:00 Grossi-Andersen systemd[1]: Starting systemd-binfmt.service - Set Up Additional Binary Formats..."},
  {"line": "2026-01-12T13:35:29.840084+01:00 Grossi-Andersen kernel: PM: hibernation: Registered nosave memory: [mem 0x00100000-0x001fffff]"},
  {"line": "2026-01-12T13:35:29.840086+01:00 Grossi-Andersen kernel: PM: hibernation: Registered nosave memory: [mem 0xf8000000-0xffffffff]"},
  {"line": "2026-01-12T13:35:29.840089+01:00 Grossi-Andersen kernel: [mem 0xf8000000-0xffffffff] available for PCI devices"},
  {"line": "2026-01-12T13:35:29.840088+01:00 Grossi-Andersen systemd[1]: Starting systemd-tmpfiles-setup.service - Create Volatile Files and Directories..."},
  {"line": "2026-01-12T13:35:29.840094+01:00 Grossi-Andersen systemd[1]: Starting systemd-udevd.service - Rule-based Manager for Device Events and Files..."},
  {"line": "2026-01-12T13:35:29.840099+01:00 Grossi-Andersen systemd[1]: Finished console-setup.service - Set console font and keymap."},
  {"line": "2026-01-12T13:35:29.840108+01:00 Grossi-Andersen systemd[1]: Finished systemd-udev-trigger.service - Coldplug All udev Devices."},
  {"line": "2026-01-12T13:35:29.840115+01:00 Grossi-Andersen sh[103]: /bin/sh: 1: cannot create /proc/sys/fs/binfmt_misc/WSLInterop: Permission denied"},
  {"line": "2026-01-12T13:35:29.840122+01:00 Grossi-Andersen systemd[1]: Finished systemd-binfmt.service - Set Up Additional Binary Formats."},
  {"line": "2026-01-12T13:35:29.840128+01:00 Grossi-Andersen systemd[1]: Finished systemd-tmpfiles-setup.service - Create Volatile Files and Directories."},
  {"line": "2026-01-12T13:35:29.840134+01:00 Grossi-Andersen systemd[1]: systemd-firstboot.service - First Boot Wizard was skipped because of an unmet condition check (ConditionFirstBoot=yes)."},
  {"line": "2026-01-12T13:35:29.840140+01:00 Grossi-Andersen systemd[1]: first-boot-complete.target - First Boot Complete was skipped because of an unmet condition check (ConditionFirstBoot=yes)."},
  {"line": "2026-01-12T13:35:29.840151+01:00 Grossi-Andersen systemd[1]: systemd-journal-catalog-update.service - Rebuild Journal Catalog was skipped because of an unmet condition check (ConditionNeedsUpdate=/var)."},
  {"line": "2026-01-12T13:35:29.840158+01:00 Grossi-Andersen systemd[1]: systemd-machine-id-commit.service - Commit a transient machine-id on disk was skipped because of an unmet condition check (ConditionPathIsMountPoint=/etc/machine-id)."},
  {"line": "2026-01-12T13:35:29.840166+01:00 Grossi-Andersen systemd[1]: Starting systemd-resolved.service - Network Name Resolution..."},
  {"line": "2026-01-12T13:35:29.840172+01:00 Grossi-Andersen systemd-udevd[95]: Using default interface naming scheme 'v255'."},
  {"line": "2026-01-12T13:35:29.840181+01:00 Grossi-Andersen systemd[1]: Starting systemd-timesyncd.service - Network Time Synchronization..."},
  {"line": "2026-01-12T13:35:29.840193+01:00 Grossi-Andersen systemd[1]: systemd-update-done.service - Update is Completed was skipped because no trigger condition checks were met."},
  {"line": "2026-01-12T13:35:29.840200+01:00 Grossi-Andersen systemd[1]: Starting systemd-update-utmp.service - Record System Boot/Shutdown in UTMP..."},
  {"line": "2026-01-12T13:35:29.840206+01:00 Grossi-Andersen systemd[1]: wslg.service - WSLg Remount Service was skipped because of an unmet condition check (ConditionPathExists=!/tmp/.X11-unix/X0)."},
  {"line": "2026-01-12T13:35:29.840213+01:00 Grossi-Andersen kernel: Booting paravirtualized kernel on Hyper-V"},
  {"line": "2026-01-12T13:35:29.840215+01:00 Grossi-Andersen kernel: clocksource: refined-jiffies: mask: 0xffffffff max_cycles: 0xffffffff, max_idle_ns: 7645519600211568 ns"},
  {"line": "2026-01-12T13:35:29.840213+01:00 Grossi-Andersen systemd[1]: Finished systemd-update-utmp.service - Record System Boot/Shutdown in UTMP."},
  {"line": "2026-01-12T13:35:29.840216+01:00 Grossi-Andersen kernel: setup_percpu: NR_CPUS:8192 nr_cpumask_bits:20 nr_cpu_ids:20 nr_node_ids:1"},
  {"line": "2026-01-12T13:35:29.840217+01:00 Grossi-Andersen kernel: percpu: Embedded 63 pages/cpu s221184 r8192 d28672 u262144"},
  {"line": "2026-01-12T13:35:29.840219+01:00 Grossi-Andersen kernel: pcpu-alloc: s221184 r8192 d28672 u262144 alloc=1*2097152"},
  {"line": "2026-01-12T13:35:29.840220+01:00 Grossi-Andersen kernel: pcpu-alloc: [0] 00 01 02 03 04 05 06 07 [0] 08 09 10 11 12 13 14 15 "},
  {"line": "2026-01-12T13:35:29.840219+01:00 Grossi-Andersen systemd[1]: Started systemd-udevd.service - Rule-based Manager for Device Events and Files."},
  {"line": "2026-01-12T13:35:29.840229+01:00 Grossi-Andersen systemd-resolved[107]: Positive Trust Anchors:"},
  {"line": "2026-01-12T13:35:29.840236+01:00 Grossi-Andersen systemd-resolved[107]: . IN DS 20326 8 2 e06d44b80b8f1d39a95c0b0d7c65d08458e880409bbc683457104237c7f8ec8d"},
  {"line": "2026-01-12T13:35:29.840259+01:00 Grossi-Andersen systemd-resolved[107]: Negative trust anchors: home.arpa 10.in-addr.arpa 16.172.in-addr.arpa 17.172.in-addr.arpa 18.172.in-addr.arpa 19.172.in-addr.arpa 20.172.in-addr.arpa 21.172.in-addr.arpa 22.172.in-addr.arpa 23.172.in-addr.arpa 24.172.in-addr.arpa 25.172.in-addr.arpa 26.172.in-addr.arpa 27.172.in-addr.arpa 28.172.in-addr.arpa 29.172.in-addr.arpa 30.172.in-addr.arpa 31.172.in-addr.arpa 170.0.0.192.in-addr.arpa 171.0.0.192.in-addr.arpa 168.192.in-addr.arpa d.f.ip6.arpa ipv4only.arpa corp home internal intranet lan local private test"},
  {"line": "2026-01-12T13:35:29.840272+01:00 Grossi-Andersen systemd[1]: Started systemd-timesyncd.service - Network Time Synchronization."},
  {"line": "2026-01-12T13:35:29.840280+01:00 Grossi-Andersen systemd[1]: Reached target time-set.target - System Time Set."},
  {"line": "2026-01-12T13:35:29.840289+01:00 Grossi-Andersen systemd-resolved[107]: Using system hostname 'Grossi-Andersen'."},
  {"line": "2026-01-12T13:35:29.840321+01:00 Grossi-Andersen systemd[1]: Started systemd-resolved.service - Network Name Resolution."},
  {"line": "2026-01-12T13:35:29.840338+01:00 Grossi-Andersen systemd[1]: Reached target nss-lookup.target - Host and Network Name Lookups."},
  {"line": "2026-01-12T13:35:29.840356+01:00 Grossi-Andersen systemd[1]: Reached target sysinit.target - System Initialization."},
  {"line": "2026-01-12T13:35:29.840372+01:00 Grossi-Andersen systemd[1]: apport-autoreport.path - Process error reports when automatic reporting is enabled (file watch) was skipped because of an unmet condition check (ConditionPathExists=/var/lib/apport/autoreport)."},
  {"line": "2026-01-12T13:35:29.840380+01:00 Grossi-Andersen systemd[1]: apport-autoreport.timer - Process error reports when automatic reporting is enabled (timer based) was skipped because of an unmet condition check (ConditionPathExists=/var/lib/apport/autoreport)."},
  {"line": "2026-01-12T13:35:29.840398+01:00 Grossi-Andersen systemd[1]: Started apt-daily.timer - Daily apt download activities."},
  {"line": "2026-01-12T13:35:29.840403+01:00 Grossi-Andersen systemd[1]: Started apt-daily-upgrade.timer - Daily apt upgrade and clean activities."},
  {"line": "2026-01-12T13:35:29.840410+01:00 Grossi-Andersen systemd[1]: Started dpkg-db-backup.timer - Daily dpkg database backup timer."},
  {"line": "2026-01-12T13:35:29.840417+01:00 Grossi-Andersen systemd[1]: Started e2scrub_all.timer - Periodic ext4 Online Metadata Check for All Filesystems."},
  {"line": "2026-01-12T13:35:29.840423+01:00 Grossi-Andersen systemd[1]: fstrim.timer - Discard unused filesystem blocks once a week was skipped because of an unmet condition check (ConditionVirtualization=!container)."},
  {"line": "2026-01-12T13:35:29.840465+01:00 Grossi-Andersen kernel: pcpu-alloc: [0] 16 17 18 19 -- -- -- -- "},
  {"line": "2026-01-12T13:35:29.840478+01:00 Grossi-Andersen kernel: Hyper-V: PV spinlocks enabled"},
  {"line": "2026-01-12T13:35:29.840480+01:00 Grossi-Andersen kernel: PV qspinlock hash table entries: 256 (order: 0, 4096 bytes, linear)"},
  {"line": "2026-01-12T13:35:29.840481+01:00 Grossi-Andersen kernel: Kernel command line: initrd=\\initrd.img WSL_ROOT_INIT=1 panic=-1 nr_cpus=20 hv_utils.timesync_implicit=1 console=hvc0 debug pty.legacy_count=0 WSL_ENABLE_CRASH_DUMP=1"},
  {"line": "2026-01-12T13:35:29.840482+01:00 Grossi-Andersen kernel: Unknown kernel command line parameters \"WSL_ROOT_INIT=1 WSL_ENABLE_CRASH_DUMP=1\", will be passed to user space."},
  {"line": "2026-01-12T13:35:29.840483+01:00 Grossi-Andersen kernel: random: crng init done"},
  {"line": "2026-01-12T13:35:29.840492+01:00 Grossi-Andersen kernel: Dentry cache hash table entries: 2097152 (order: 12, 16777216 bytes, linear)"},
  {"line": "2026-01-12T13:35:29.840494+01:00 Grossi-Andersen kernel: Inode-cache hash table entries: 1048576 (order: 11, 8388608 bytes, linear)"},
  {"line": "2026-01-12T13:35:29.840495+01:00 Grossi-Andersen kernel: Fallback order for Node 0: 0 "},
  {"line": "2026-01-12T13:35:29.840496+01:00 Grossi-Andersen kernel: Built 1 zonelists, mobility grouping on.  Total pages: 3584432"},
  {"line": "2026-01-12T13:35:29.840497+01:00 Grossi-Andersen kernel: Policy zone: Normal"},
  {"line": "2026-01-12T13:35:29.840498+01:00 Grossi-Andersen kernel: mem auto-init: stack:off, heap alloc:on, heap free:off"},
  {"line": "2026-01-12T13:35:29.840502+01:00 Grossi-Andersen kernel: software IO TLB: area num 32."},
  {"line": "2026-01-12T13:35:29.840504+01:00 Grossi-Andersen kernel: Memory: 4123740K/14568060K available (20480K kernel code, 3457K rwdata, 13496K rodata, 4492K init, 6208K bss, 378208K reserved, 0K cma-reserved)"},
  {"line": "2026-01-12T13:35:29.840505+01:00 Grossi-Andersen kernel: SLUB: HWalign=64, Order=0-3, MinObjects=0, CPUs=20, Nodes=1"},
  {"line": "2026-01-12T13:35:29.840506+01:00 Grossi-Andersen kernel: ftrace: allocating 55808 entries in 218 pages"},
  {"line": "2026-01-12T13:35:29.840508+01:00 Grossi-Andersen kernel: ftrace: allocated 218 pages with 5 groups"},
  {"line": "2026-01-12T13:35:29.840508+01:00 Grossi-Andersen kernel: Dynamic Preempt: none"},
  {"line": "2026-01-12T13:35:29.840509+01:00 Grossi-Andersen kernel: rcu: Preemptible hierarchical RCU implementation."},
  {"line": "2026-01-12T13:35:29.840514+01:00 Grossi-Andersen kernel: rcu: \tRCU restricting CPUs from NR_CPUS=8192 to nr_cpu_ids=20."},
  {"line": "2026-01-12T13:35:29.840515+01:00 Grossi-Andersen kernel: \tTrampoline variant of Tasks RCU enabled."},
  {"line": "2026-01-12T13:35:29.840516+01:00 Grossi-Andersen kernel: \tRude variant of Tasks RCU enabled."},
  {"line": "2026-01-12T13:35:29.840517+01:00 Grossi-Andersen kernel: \tTracing variant of Tasks RCU enabled."},
  {"line": "2026-01-12T13:35:29.840518+01:00 Grossi-Andersen kernel: rcu: RCU calculated value of scheduler-enlistment delay is 25 jiffies."},
  {"line": "2026-01-12T13:35:29.840519+01:00 Grossi-Andersen kernel: rcu: Adjusting geometry for rcu_fanout_leaf=16, nr_cpu_ids=20"},
  {"line": "2026-01-12T13:35:29.840524+01:00 Grossi-Andersen kernel: Using NULL legacy PIC"},
  {"line": "2026-01-12T13:35:29.840525+01:00 Grossi-Andersen kernel: NR_IRQS: 524544, nr_irqs: 584, preallocated irqs: 0"},
  {"line": "2026-01-12T13:35:29.840526+01:00 Grossi-Andersen kernel: rcu: srcu_init: Setting srcu_struct sizes based on contention."},
  {"line": "2026-01-12T13:35:29.840527+01:00 Grossi-Andersen kernel: Console: colour dummy device 80x25"},
  {"line": "2026-01-12T13:35:29.840527+01:00 Grossi-Andersen kernel: ACPI: Core revision 20230628"},
  {"line": "2026-01-12T13:35:29.840529+01:00 Grossi-Andersen kernel: Failed to register legacy timer interrupt"},
  {"line": "2026-01-12T13:35:29.840533+01:00 Grossi-Andersen kernel: APIC: Switch to symmetric I/O mode setup"},
  {"line": "2026-01-12T13:35:29.840534+01:00 Grossi-Andersen kernel: APIC: Switched APIC routing to: physical flat"},
  {"line": "2026-01-12T13:35:29.840536+01:00 Grossi-Andersen kernel: Hyper-V: Host Build 10.0.26100.7462-7-0"},
  {"line": "2026-01-12T13:35:29.840538+01:00 Grossi-Andersen kernel: Hyper-V: enabling crash_kexec_post_notifiers"},
  {"line": "2026-01-12T13:35:29.840539+01:00 Grossi-Andersen kernel: Hyper-V: Using IPI hypercalls"},
  {"line": "2026-01-12T13:35:29.840539+01:00 Grossi-Andersen kernel: APIC: send_IPI() replaced with hv_send_ipi()"},
  {"line": "2026-01-12T13:35:29.840540+01:00 Grossi-Andersen kernel: APIC: send_IPI_mask() replaced with hv_send_ipi_mask()"},
  {"line": "2026-01-12T13:35:29.840544+01:00 Grossi-Andersen kernel: APIC: send_IPI_mask_allbutself() replaced with hv_send_ipi_mask_allbutself()"},
  {"line": "2026-01-12T13:35:29.840546+01:00 Grossi-Andersen kernel: APIC: send_IPI_allbutself() replaced with hv_send_ipi_allbutself()"},
  {"line": "2026-01-12T13:35:29.840428+01:00 Grossi-Andersen systemd[1]: Started logrotate.timer - Daily rotation of log files."},
  {"line": "2026-01-12T13:35:29.840548+01:00 Grossi-Andersen kernel: APIC: send_IPI_all() replaced with hv_send_ipi_all()"},
  {"line": "2026-01-12T13:35:29.840555+01:00 Grossi-Andersen kernel: APIC: send_IPI_self() replaced with hv_send_ipi_self()"},
  {"line": "2026-01-12T13:35:29.840556+01:00 Grossi-Andersen kernel: Hyper-V: Using enlightened APIC (xapic mode)"},
  {"line": "2026-01-12T13:35:29.840557+01:00 Grossi-Andersen kernel: APIC: eoi() replaced with hv_apic_eoi_write()"},
  {"line": "2026-01-12T13:35:29.840560+01:00 Grossi-Andersen kernel: APIC: read() replaced with hv_apic_read()"},
  {"line": "2026-01-12T13:35:29.840561+01:00 Grossi-Andersen kernel: APIC: write() replaced with hv_apic_write()"},
  {"line": "2026-01-12T13:35:29.840562+01:00 Grossi-Andersen kernel: APIC: icr_write() replaced with hv_apic_icr_write()"},
  {"line": "2026-01-12T13:35:29.840563+01:00 Grossi-Andersen kernel: APIC: icr_read() replaced with hv_apic_icr_read()"},
  {"line": "2026-01-12T13:35:29.840565+01:00 Grossi-Andersen kernel: clocksource: tsc-early: mask: 0xffffffffffffffff max_cycles: 0x398c2fb76f2, max_idle_ns: 881590769504 ns"},
  {"line": "2026-01-12T13:35:29.840567+01:00 Grossi-Andersen kernel: Calibrating delay loop (skipped), value calculated using timer frequency.. 3992.36 BogoMIPS (lpj=7984728)"},
  {"line": "2026-01-12T13:35:29.840570+01:00 Grossi-Andersen kernel: x86/cpu: User Mode Instruction Prevention (UMIP) activated"},
  {"line": "2026-01-12T13:35:29.840572+01:00 Grossi-Andersen kernel: Last level iTLB entries: 4KB 64, 2MB 64, 4MB 32"},
  {"line": "2026-01-12T13:35:29.840574+01:00 Grossi-Andersen kernel: Last level dTLB entries: 4KB 128, 2MB 128, 4MB 64, 1GB 0"},
  {"line": "2026-01-12T13:35:29.840575+01:00 Grossi-Andersen kernel: Spectre V1 : Mitigation: usercopy/swapgs barriers and __user pointer sanitization"},
  {"line": "2026-01-12T13:35:29.840576+01:00 Grossi-Andersen kernel: Spectre V2 : Mitigation: Retpolines"},
  {"line": "2026-01-12T13:35:29.840577+01:00 Grossi-Andersen kernel: Spectre V2 : Spectre v2 / SpectreRSB mitigation: Filling RSB on context switch"},
  {"line": "2026-01-12T13:35:29.840578+01:00 Grossi-Andersen kernel: Spectre V2 : Spectre v2 / SpectreRSB : Filling RSB on VMEXIT"},
  {"line": "2026-01-12T13:35:29.840582+01:00 Grossi-Andersen kernel: Spectre V2 : Enabling Restricted Speculation for firmware calls"},
  {"line": "2026-01-12T13:35:29.840583+01:00 Grossi-Andersen kernel: Spectre V2 : mitigation: Enabling conditional Indirect Branch Prediction Barrier"},
  {"line": "2026-01-12T13:35:29.840584+01:00 Grossi-Andersen kernel: Spectre V2 : User space: Mitigation: STIBP always-on protection"},
  {"line": "2026-01-12T13:35:29.840586+01:00 Grossi-Andersen kernel: Speculative Store Bypass: Mitigation: Speculative Store Bypass disabled via prctl"},
  {"line": "2026-01-12T13:35:29.840587+01:00 Grossi-Andersen kernel: x86/fpu: Supporting XSAVE feature 0x001: 'x87 floating point registers'"},
  {"line": "2026-01-12T13:35:29.840567+01:00 Grossi-Andersen systemd[1]: Started man-db.timer - Daily man-db regeneration."},
  {"line": "2026-01-12T13:35:29.840588+01:00 Grossi-Andersen kernel: x86/fpu: Supporting XSAVE feature 0x002: 'SSE registers'"},
  {"line": "2026-01-12T13:35:29.840612+01:00 Grossi-Andersen systemd[1]: Started motd-news.timer - Message of the Day."},
  {"line": "2026-01-12T13:35:29.840626+01:00 Grossi-Andersen kernel: x86/fpu: Supporting XSAVE feature 0x004: 'AVX registers'"},
  {"line": "2026-01-12T13:35:29.840634+01:00 Grossi-Andersen kernel: x86/fpu: Supporting XSAVE feature 0x020: 'AVX-512 opmask'"},
  {"line": "2026-01-12T13:35:29.840628+01:00 Grossi-Andersen systemd[1]: snapd.snap-repair.timer - Timer to automatically fetch and run repair assertions was skipped because no trigger condition checks were met."},
  {"line": "2026-01-12T13:35:29.840636+01:00 Grossi-Andersen kernel: x86/fpu: Supporting XSAVE feature 0x040: 'AVX-512 Hi256'"},
  {"line": "2026-01-12T13:35:29.840638+01:00 Grossi-Andersen kernel: x86/fpu: Supporting XSAVE feature 0x080: 'AVX-512 ZMM_Hi256'"},
  {"line": "2026-01-12T13:35:29.840639+01:00 Grossi-Andersen kernel: x86/fpu: Supporting XSAVE feature 0x800: 'Control-flow User registers'"},
  {"line": "2026-01-12T13:35:29.840640+01:00 Grossi-Andersen kernel: x86/fpu: xstate_offset[2]:  576, xstate_sizes[2]:  256"},
  {"line": "2026-01-12T13:35:29.840639+01:00 Grossi-Andersen systemd[1]: Started systemd-tmpfiles-clean.timer - Daily Cleanup of Temporary Directories."},
  {"line": "2026-01-12T13:35:29.840648+01:00 Grossi-Andersen kernel: x86/fpu: xstate_offset[5]:  832, xstate_sizes[5]:   64"},
  {"line": "2026-01-12T13:35:29.840649+01:00 Grossi-Andersen kernel: x86/fpu: xstate_offset[6]:  896, xstate_sizes[6]:  512"},
  {"line": "2026-01-12T13:35:29.840646+01:00 Grossi-Andersen systemd[1]: ua-timer.timer - Ubuntu Pro Timer for running repeated jobs was skipped because of an unmet condition check (ConditionPathExists=/var/lib/ubuntu-advantage/private/machine-token.json)."},
  {"line": "2026-01-12T13:35:29.840652+01:00 Grossi-Andersen kernel: x86/fpu: xstate_offset[7]: 1408, xstate_sizes[7]: 1024"},
  {"line": "2026-01-12T13:35:29.840653+01:00 Grossi-Andersen kernel: x86/fpu: xstate_offset[11]: 2432, xstate_sizes[11]:   16"},
  {"line": "2026-01-12T13:35:29.840654+01:00 Grossi-Andersen kernel: x86/fpu: Enabled xstate features 0x8e7, context size is 2448 bytes, using 'compacted' format."},
  {"line": "2026-01-12T13:35:29.840655+01:00 Grossi-Andersen kernel: Freeing SMP alternatives memory: 44K"},
  {"line": "2026-01-12T13:35:29.840656+01:00 Grossi-Andersen kernel: pid_max: default: 32768 minimum: 301"},
  {"line": "2026-01-12T13:35:29.840660+01:00 Grossi-Andersen kernel: LSM: initializing lsm=capability,landlock,yama,safesetid,selinux,integrity"},
  {"line": "2026-01-12T13:35:29.840662+01:00 Grossi-Andersen kernel: landlock: Up and running."},
  {"line": "2026-01-12T13:35:29.840664+01:00 Grossi-Andersen kernel: Yama: becoming mindful."},
  {"line": "2026-01-12T13:35:29.840665+01:00 Grossi-Andersen kernel: SELinux:  Initializing."},
  {"line": "2026-01-12T13:35:29.840666+01:00 Grossi-Andersen kernel: Mount-cache hash table entries: 32768 (order: 6, 262144 bytes, linear)"},
  {"line": "2026-01-12T13:35:29.840667+01:00 Grossi-Andersen kernel: Mountpoint-cache hash table entries: 32768 (order: 6, 262144 bytes, linear)"},
  {"line": "2026-01-12T13:35:29.840672+01:00 Grossi-Andersen kernel: smpboot: CPU0: AMD Ryzen AI 9 365 w/ Radeon 880M (family: 0x1a, model: 0x24, stepping: 0x0)"},
  {"line": "2026-01-12T13:35:29.840684+01:00 Grossi-Andersen kernel: RCU Tasks: Setting shift to 5 and lim to 1 rcu_task_cb_adjust=1 rcu_task_cpu_ids=20."},
  {"line": "2026-01-12T13:35:29.840697+01:00 Grossi-Andersen kernel: RCU Tasks Rude: Setting shift to 5 and lim to 1 rcu_task_cb_adjust=1 rcu_task_cpu_ids=20."},
  {"line": "2026-01-12T13:35:29.840698+01:00 Grossi-Andersen kernel: RCU Tasks Trace: Setting shift to 5 and lim to 1 rcu_task_cb_adjust=1 rcu_task_cpu_ids=20."},
  {"line": "2026-01-12T13:35:29.840699+01:00 Grossi-Andersen kernel: Performance Events: Fam17h+ core perfctr, AMD PMU driver."},
  {"line": "2026-01-12T13:35:29.840700+01:00 Grossi-Andersen kernel: ... version:                0"},
  {"line": "2026-01-12T13:35:29.840700+01:00 Grossi-Andersen kernel: ... bit width:              48"},
  {"line": "2026-01-12T13:35:29.840654+01:00 Grossi-Andersen systemd[1]: Reached target paths.target - Path Units."},
  {"line": "2026-01-12T13:35:29.840712+01:00 Grossi-Andersen systemd[1]: Reached target timers.target - Timer Units."},
  {"line": "2026-01-12T13:35:29.840720+01:00 Grossi-Andersen systemd[1]: Listening on apport-forward.socket - Unix socket for apport crash forwarding."},
  {"line": "2026-01-12T13:35:29.840729+01:00 Grossi-Andersen kernel: ... generic registers:      6"},
  {"line": "2026-01-12T13:35:29.840730+01:00 Grossi-Andersen kernel: ... value mask:             0000ffffffffffff"},
  {"line": "2026-01-12T13:35:29.840731+01:00 Grossi-Andersen kernel: ... max period:             00007fffffffffff"},
  {"line": "2026-01-12T13:35:29.840727+01:00 Grossi-Andersen systemd[1]: Listening on dbus.socket - D-Bus System Message Bus Socket."},
  {"line": "2026-01-12T13:35:29.840732+01:00 Grossi-Andersen kernel: ... fixed-purpose events:   0"},
  {"line": "2026-01-12T13:35:29.840732+01:00 Grossi-Andersen kernel: ... event mask:             000000000000003f"},
  {"line": "2026-01-12T13:35:29.840733+01:00 Grossi-Andersen kernel: signal: max sigframe size: 3376"},
  {"line": "2026-01-12T13:35:29.840734+01:00 Grossi-Andersen systemd[1]: Starting snapd.socket - Socket activation for snappy daemon..."},
  {"line": "2026-01-12T13:35:29.840739+01:00 Grossi-Andersen systemd[1]: Listening on uuidd.socket - UUID daemon activation socket."},
  {"line": "2026-01-12T13:35:29.840744+01:00 Grossi-Andersen kernel: rcu: Hierarchical SRCU implementation."},
  {"line": "2026-01-12T13:35:29.840746+01:00 Grossi-Andersen kernel: rcu: \tMax phase no-delay instances is 1000."},
  {"line": "2026-01-12T13:35:29.840747+01:00 Grossi-Andersen kernel: smp: Bringing up secondary CPUs ..."},
  {"line": "2026-01-12T13:35:29.840748+01:00 Grossi-Andersen kernel: smpboot: x86: Booting SMP configuration:"},
  {"line": "2026-01-12T13:35:29.840749+01:00 Grossi-Andersen kernel: .... node  #0, CPUs:        #2  #4  #6  #8 #10 #12 #14 #16 #18  #1  #3  #5  #7  #9 #11 #13 #15 #17 #19"},
  {"line": "2026-01-12T13:35:29.840750+01:00 Grossi-Andersen kernel: Spectre V2 : Update user space SMT mitigation: STIBP always-on"},
  {"line": "2026-01-12T13:35:29.840745+01:00 Grossi-Andersen systemd[1]: systemd-pcrphase-sysinit.service - TPM2 PCR Barrier (Initialization) was skipped because of an unmet condition check (ConditionSecurity=measured-uki)."},
  {"line": "2026-01-12T13:35:29.840756+01:00 Grossi-Andersen systemd[1]: Listening on snapd.socket - Socket activation for snappy daemon."},
  {"line": "2026-01-12T13:35:29.840762+01:00 Grossi-Andersen systemd[1]: Reached target sockets.target - Socket Units."},
  {"line": "2026-01-12T13:35:29.840766+01:00 Grossi-Andersen systemd[1]: Reached target basic.target - Basic System."},
  {"line": "2026-01-12T13:35:29.840770+01:00 Grossi-Andersen systemd[1]: apport.service - automatic crash report generation was skipped because of an unmet condition check (ConditionVirtualization=!container)."},
  {"line": "2026-01-12T13:35:29.840775+01:00 Grossi-Andersen systemd[1]: Started cron.service - Regular background program processing daemon."},
  {"line": "2026-01-12T13:35:29.840780+01:00 Grossi-Andersen systemd[1]: Starting dbus.service - D-Bus System Message Bus..."},
  {"line": "2026-01-12T13:35:29.840793+01:00 Grossi-Andersen systemd[1]: Started dmesg.service - Save initial kernel messages after boot."},
  {"line": "2026-01-12T13:35:29.840798+01:00 Grossi-Andersen (cron)[180]: cron.service: Referenced but unset environment variable evaluates to an empty string: EXTRA_OPTS"},
  {"line": "2026-01-12T13:35:29.840802+01:00 Grossi-Andersen systemd[1]: Starting dpkg-db-backup.service - Daily dpkg database backup service..."},
  {"line": "2026-01-12T13:35:29.840806+01:00 Grossi-Andersen cron[180]: (CRON) INFO (pidfile fd = 3)"},
  {"line": "2026-01-12T13:35:29.840811+01:00 Grossi-Andersen systemd[1]: Starting e2scrub_reap.service - Remove Stale Online ext4 Metadata Check Snapshots..."},
  {"line": "2026-01-12T13:35:29.840818+01:00 Grossi-Andersen systemd[1]: getty-static.service - getty on tty2-tty6 if dbus and logind are not available was skipped because of an unmet condition check (ConditionPathExists=!/usr/bin/dbus-daemon)."},
  {"line": "2026-01-12T13:35:29.840825+01:00 Grossi-Andersen cron[180]: (CRON) INFO (Running @reboot jobs)"},
  {"line": "2026-01-12T13:35:29.840828+01:00 Grossi-Andersen systemd[1]: Starting landscape-client.service - Landscape client daemons..."},
  {"line": "2026-01-12T13:35:29.840832+01:00 Grossi-Andersen systemd[1]: networkd-dispatcher.service - Dispatcher daemon for systemd-networkd was skipped because no trigger condition checks were met."},
  {"line": "2026-01-12T13:35:29.840837+01:00 Grossi-Andersen systemd[1]: Starting rsyslog.service - System Logging Service..."},
  {"line": "2026-01-12T13:35:29.840841+01:00 Grossi-Andersen systemd[1]: snapd.core-fixup.service - Automatically repair incorrect owner/permissions on core devices was skipped because no trigger condition checks were met."},
  {"line": "2026-01-12T13:35:29.840848+01:00 Grossi-Andersen systemd[1]: snapd.recovery-chooser-trigger.service - Wait for the Ubuntu Core chooser trigger was skipped because of an unmet condition check (ConditionPathExistsGlob=/dev/input/event*)."},
  {"line": "2026-01-12T13:35:29.840854+01:00 Grossi-Andersen systemd[1]: Reached target getty-pre.target - Preparation for Logins."},
  {"line": "2026-01-12T13:35:29.840860+01:00 Grossi-Andersen systemd[1]: Starting snapd.seeded.service - Wait until snapd is fully seeded..."},
  {"line": "2026-01-12T13:35:29.840865+01:00 Grossi-Andersen systemd[1]: Starting snapd.service - Snap Daemon..."},
  {"line": "2026-01-12T13:35:29.840870+01:00 Grossi-Andersen systemd[1]: Starting systemd-logind.service - User Login Management..."},
  {"line": "2026-01-12T13:35:29.840874+01:00 Grossi-Andersen systemd[1]: systemd-pcrphase.service - TPM2 PCR Barrier (User) was skipped because of an unmet condition check (ConditionSecurity=measured-uki)."},
  {"line": "2026-01-12T13:35:29.840881+01:00 Grossi-Andersen systemd[1]: Starting systemd-user-sessions.service - Permit User Sessions..."},
  {"line": "2026-01-12T13:35:29.840885+01:00 Grossi-Andersen systemd[1]: ua-reboot-cmds.service - Ubuntu Pro reboot cmds was skipped because of an unmet condition check (ConditionPathExists=/var/lib/ubuntu-advantage/private/machine-token.json)."},
  {"line": "2026-01-12T13:35:29.840890+01:00 Grossi-Andersen systemd[1]: ubuntu-advantage.service - Ubuntu Pro Background Auto Attach was skipped because no trigger condition checks were met."},
  {"line": "2026-01-12T13:35:29.840895+01:00 Grossi-Andersen systemd[1]: Starting wsl-pro.service - Bridge to Ubuntu Pro agent on Windows..."},
  {"line": "2026-01-12T13:35:29.840899+01:00 Grossi-Andersen systemd[1]: logrotate.service - Rotate log files was skipped because of an unmet condition check (ConditionACPower=true)."},
  {"line": "2026-01-12T13:35:29.840906+01:00 Grossi-Andersen systemd[1]: Started dbus.service - D-Bus System Message Bus."},
  {"line": "2026-01-12T13:35:29.840910+01:00 Grossi-Andersen systemd[1]: dpkg-db-backup.service: Deactivated successfully."},
  {"line": "2026-01-12T13:35:29.840914+01:00 Grossi-Andersen systemd[1]: Finished dpkg-db-backup.service - Daily dpkg database backup service."},
  {"line": "2026-01-12T13:35:29.840918+01:00 Grossi-Andersen systemd[1]: e2scrub_reap.service: Deactivated successfully."},
  {"line": "2026-01-12T13:35:29.840922+01:00 Grossi-Andersen systemd[1]: Finished e2scrub_reap.service - Remove Stale Online ext4 Metadata Check Snapshots."},
  {"line": "2026-01-12T13:35:29.840926+01:00 Grossi-Andersen systemd[1]: Finished systemd-user-sessions.service - Permit User Sessions."},
  {"line": "2026-01-12T13:35:29.840932+01:00 Grossi-Andersen systemd[1]: Started console-getty.service - Console Getty."},
  {"line": "2026-01-12T13:35:29.840936+01:00 Grossi-Andersen systemd[1]: Starting setvtrgb.service - Set console scheme..."},
  {"line": "2026-01-12T13:35:29.840941+01:00 Grossi-Andersen systemd[1]: Finished setvtrgb.service - Set console scheme."},
  {"line": "2026-01-12T13:35:29.840945+01:00 Grossi-Andersen systemd[1]: Created slice system-getty.slice - Slice /system/getty."},
  {"line": "2026-01-12T13:35:29.840950+01:00 Grossi-Andersen systemd[1]: Started getty@tty1.service - Getty on tty1."},
  {"line": "2026-01-12T13:35:29.840955+01:00 Grossi-Andersen systemd[1]: Reached target getty.target - Login Prompts."},
  {"line": "2026-01-12T13:35:29.839870+01:00 Grossi-Andersen rsyslogd: imuxsock: Acquired UNIX socket '/run/systemd/journal/syslog' (fd 3) from systemd.  [v8.2312.0]"},
  {"line": "2026-01-12T13:35:29.840113+01:00 Grossi-Andersen systemd[1]: Started rsyslog.service - System Logging Service."},
  {"line": "2026-01-12T13:35:29.840191+01:00 Grossi-Andersen rsyslogd: rsyslogd's groupid changed to 102"},
  {"line": "2026-01-12T13:35:29.840237+01:00 Grossi-Andersen rsyslogd: rsyslogd's userid changed to 102"},
  {"line": "2026-01-12T13:35:29.840300+01:00 Grossi-Andersen rsyslogd: [origin software=\"rsyslogd\" swVersion=\"8.2312.0\" x-pid=\"212\" x-info=\"https://www.rsyslog.com\"] start"},
  {"line": "2026-01-12T13:35:29.840991+01:00 Grossi-Andersen kernel: smp: Brought up 1 node, 20 CPUs"},
  {"line": "2026-01-12T13:35:29.841090+01:00 Grossi-Andersen kernel: smpboot: Max logical packages: 1"},
  {"line": "2026-01-12T13:35:29.841094+01:00 Grossi-Andersen kernel: smpboot: Total of 20 processors activated (79847.28 BogoMIPS)"},
  {"line": "2026-01-12T13:35:29.841095+01:00 Grossi-Andersen kernel: node 0 deferred pages initialised in 36ms"},
  {"line": "2026-01-12T13:35:29.841096+01:00 Grossi-Andersen kernel: devtmpfs: initialized"},
  {"line": "2026-01-12T13:35:29.841096+01:00 Grossi-Andersen kernel: x86/mm: Memory block size: 128MB"},
  {"line": "2026-01-12T13:35:29.841096+01:00 Grossi-Andersen kernel: clocksource: jiffies: mask: 0xffffffff max_cycles: 0xffffffff, max_idle_ns: 7645041785100000 ns"},
  {"line": "2026-01-12T13:35:29.841113+01:00 Grossi-Andersen kernel: futex hash table entries: 8192 (order: 7, 524288 bytes, linear)"},
  {"line": "2026-01-12T13:35:29.841114+01:00 Grossi-Andersen kernel: pinctrl core: initialized pinctrl subsystem"},
  {"line": "2026-01-12T13:35:29.841115+01:00 Grossi-Andersen kernel: NET: Registered PF_NETLINK/PF_ROUTE protocol family"},
  {"line": "2026-01-12T13:35:29.841116+01:00 Grossi-Andersen kernel: DMA: preallocated 2048 KiB GFP_KERNEL pool for atomic allocations"},
  {"line": "2026-01-12T13:35:29.841116+01:00 Grossi-Andersen kernel: DMA: preallocated 2048 KiB GFP_KERNEL|GFP_DMA32 pool for atomic allocations"},
  {"line": "2026-01-12T13:35:29.841117+01:00 Grossi-Andersen kernel: audit: initializing netlink subsys (disabled)"},
  {"line": "2026-01-12T13:35:29.841120+01:00 Grossi-Andersen kernel: audit: type=2000 audit(1768221323.084:1): state=initialized audit_enabled=0 res=1"},
  {"line": "2026-01-12T13:35:29.841121+01:00 Grossi-Andersen kernel: thermal_sys: Registered thermal governor 'step_wise'"},
  {"line": "2026-01-12T13:35:29.841122+01:00 Grossi-Andersen kernel: thermal_sys: Registered thermal governor 'user_space'"},
  {"line": "2026-01-12T13:35:29.841122+01:00 Grossi-Andersen kernel: cpuidle: using governor ladder"},
  {"line": "2026-01-12T13:35:29.841122+01:00 Grossi-Andersen kernel: cpuidle: using governor menu"},
  {"line": "2026-01-12T13:35:29.841123+01:00 Grossi-Andersen kernel: acpiphp: ACPI Hot Plug PCI Controller Driver version: 0.5"},
  {"line": "2026-01-12T13:35:29.841126+01:00 Grossi-Andersen kernel: dca service started, version 1.12.1"},
  {"line": "2026-01-12T13:35:29.841127+01:00 Grossi-Andersen kernel: PCI: Fatal: No config space access function found"},
  {"line": "2026-01-12T13:35:29.841127+01:00 Grossi-Andersen kernel: kprobes: kprobe jump-optimization is enabled. All kprobes are optimized if possible."},
  {"line": "2026-01-12T13:35:29.841128+01:00 Grossi-Andersen kernel: HugeTLB: registered 1.00 GiB page size, pre-allocated 0 pages"},
  {"line": "2026-01-12T13:35:29.841129+01:00 Grossi-Andersen kernel: HugeTLB: 16380 KiB vmemmap can be freed for a 1.00 GiB page"},
  {"line": "2026-01-12T13:35:29.841129+01:00 Grossi-Andersen kernel: HugeTLB: registered 2.00 MiB page size, pre-allocated 0 pages"},
  {"line": "2026-01-12T13:35:29.841129+01:00 Grossi-Andersen kernel: HugeTLB: 28 KiB vmemmap can be freed for a 2.00 MiB page"},
  {"line": "2026-01-12T13:35:29.841133+01:00 Grossi-Andersen kernel: cryptd: max_cpu_qlen set to 1000"},
  {"line": "2026-01-12T13:35:29.841134+01:00 Grossi-Andersen kernel: ACPI: Added _OSI(Module Device)"},
  {"line": "2026-01-12T13:35:29.841135+01:00 Grossi-Andersen kernel: ACPI: Added _OSI(Processor Device)"},
  {"line": "2026-01-12T13:35:29.841136+01:00 Grossi-Andersen kernel: ACPI: Added _OSI(3.0 _SCP Extensions)"},
  {"line": "2026-01-12T13:35:29.841136+01:00 Grossi-Andersen kernel: ACPI: Added _OSI(Processor Aggregator Device)"},
  {"line": "2026-01-12T13:35:29.841137+01:00 Grossi-Andersen kernel: ACPI: 1 ACPI AML tables successfully acquired and loaded"},
  {"line": "2026-01-12T13:35:29.841141+01:00 Grossi-Andersen kernel: ACPI: _OSC evaluation for CPUs failed, trying _PDC"},
  {"line": "2026-01-12T13:35:29.841142+01:00 Grossi-Andersen kernel: ACPI: Interpreter enabled"},
  {"line": "2026-01-12T13:35:29.841143+01:00 Grossi-Andersen kernel: ACPI: PM: (supports S0 S5)"},
  {"line": "2026-01-12T13:35:29.841143+01:00 Grossi-Andersen kernel: ACPI: Using IOAPIC for interrupt routing"},
  {"line": "2026-01-12T13:35:29.841144+01:00 Grossi-Andersen kernel: PCI: Using host bridge windows from ACPI; if necessary, use \"pci=nocrs\" and report a bug"},
  {"line": "2026-01-12T13:35:29.841144+01:00 Grossi-Andersen kernel: PCI: Using E820 reservations for host bridge windows"},
  {"line": "2026-01-12T13:35:29.841145+01:00 Grossi-Andersen kernel: ACPI: Enabled 2 GPEs in block 00 to 0F"},
  {"line": "2026-01-12T13:35:29.841148+01:00 Grossi-Andersen kernel: iommu: Default domain type: Translated"},
  {"line": "2026-01-12T13:35:29.841149+01:00 Grossi-Andersen kernel: iommu: DMA domain TLB invalidation policy: lazy mode"},
  {"line": "2026-01-12T13:35:29.841149+01:00 Grossi-Andersen kernel: SCSI subsystem initialized"},
  {"line": "2026-01-12T13:35:29.841150+01:00 Grossi-Andersen kernel: libata version 3.00 loaded."},
  {"line": "2026-01-12T13:35:29.841151+01:00 Grossi-Andersen kernel: pps_core: LinuxPPS API ver. 1 registered"},
  {"line": "2026-01-12T13:35:29.841151+01:00 Grossi-Andersen kernel: pps_core: Software ver. 5.3.6 - Copyright 2005-2007 Rodolfo Giometti <giometti@linux.it>"},
  {"line": "2026-01-12T13:35:29.841154+01:00 Grossi-Andersen kernel: PTP clock support registered"},
  {"line": "2026-01-12T13:35:29.841155+01:00 Grossi-Andersen kernel: EDAC MC: Ver: 3.0.0"},
  {"line": "2026-01-12T13:35:29.841156+01:00 Grossi-Andersen kernel: hv_vmbus: Vmbus version:5.3"},
  {"line": "2026-01-12T13:35:29.841156+01:00 Grossi-Andersen kernel: hv_vmbus: Unknown GUID: 6e382d18-3336-4f4b-acc4-2b7703d4df4a"},
  {"line": "2026-01-12T13:35:29.841156+01:00 Grossi-Andersen kernel: hv_vmbus: Unknown GUID: dde9cbc0-5060-4436-9448-ea1254a5d177"},
  {"line": "2026-01-12T13:35:29.841157+01:00 Grossi-Andersen kernel: hv_vmbus: Unknown GUID: 6e382d18-3336-4f4b-acc4-2b7703d4df4a"},
  {"line": "2026-01-12T13:35:29.841160+01:00 Grossi-Andersen kernel: NetLabel: Initializing"},
  {"line": "2026-01-12T13:35:29.841161+01:00 Grossi-Andersen kernel: NetLabel:  domain hash size = 128"},
  {"line": "2026-01-12T13:35:29.841161+01:00 Grossi-Andersen kernel: NetLabel:  protocols = UNLABELED CIPSOv4 CALIPSO"},
  {"line": "2026-01-12T13:35:29.841162+01:00 Grossi-Andersen kernel: NetLabel:  unlabeled traffic allowed by default"},
  {"line": "2026-01-12T13:35:29.841162+01:00 Grossi-Andersen kernel: PCI: Using ACPI for IRQ routing"},
  {"line": "2026-01-12T13:35:29.841162+01:00 Grossi-Andersen kernel: PCI: System does not support PCI"},
  {"line": "2026-01-12T13:35:29.841163+01:00 Grossi-Andersen kernel: vgaarb: loaded"},
  {"line": "2026-01-12T13:35:29.841166+01:00 Grossi-Andersen kernel: clocksource: Switched to clocksource tsc-early"},
  {"line": "2026-01-12T13:35:29.841167+01:00 Grossi-Andersen kernel: VFS: Disk quotas dquot_6.6.0"},
  {"line": "2026-01-12T13:35:29.841168+01:00 Grossi-Andersen kernel: VFS: Dquot-cache hash table entries: 512 (order 0, 4096 bytes)"},
  {"line": "2026-01-12T13:35:29.841168+01:00 Grossi-Andersen kernel: FS-Cache: Loaded"},
  {"line": "2026-01-12T13:35:29.841169+01:00 Grossi-Andersen kernel: pnp: PnP ACPI init"},
  {"line": "2026-01-12T13:35:29.841170+01:00 Grossi-Andersen kernel: pnp: PnP ACPI: found 1 devices"},
  {"line": "2026-01-12T13:35:29.841173+01:00 Grossi-Andersen kernel: clocksource: acpi_pm: mask: 0xffffff max_cycles: 0xffffff, max_idle_ns: 2085701024 ns"},
  {"line": "2026-01-12T13:35:29.841174+01:00 Grossi-Andersen kernel: NET: Registered PF_INET protocol family"},
  {"line": "2026-01-12T13:35:29.841175+01:00 Grossi-Andersen kernel: IP idents hash table entries: 262144 (order: 9, 2097152 bytes, linear)"},
  {"line": "2026-01-12T13:35:29.841176+01:00 Grossi-Andersen kernel: tcp_listen_portaddr_hash hash table entries: 8192 (order: 5, 131072 bytes, linear)"},
  {"line": "2026-01-12T13:35:29.841176+01:00 Grossi-Andersen kernel: Table-perturb hash table entries: 65536 (order: 6, 262144 bytes, linear)"},
  {"line": "2026-01-12T13:35:29.841176+01:00 Grossi-Andersen kernel: TCP established hash table entries: 131072 (order: 8, 1048576 bytes, linear)"},
  {"line": "2026-01-12T13:35:29.841177+01:00 Grossi-Andersen kernel: TCP bind hash table entries: 65536 (order: 9, 2097152 bytes, linear)"},
  {"line": "2026-01-12T13:35:29.841180+01:00 Grossi-Andersen kernel: TCP: Hash tables configured (established 131072 bind 65536)"},
  {"line": "2026-01-12T13:35:29.841180+01:00 Grossi-Andersen kernel: UDP hash table entries: 8192 (order: 6, 262144 bytes, linear)"},
  {"line": "2026-01-12T13:35:29.841181+01:00 Grossi-Andersen kernel: UDP-Lite hash table entries: 8192 (order: 6, 262144 bytes, linear)"},
  {"line": "2026-01-12T13:35:29.841181+01:00 Grossi-Andersen kernel: NET: Registered PF_UNIX/PF_LOCAL protocol family"},
  {"line": "2026-01-12T13:35:29.841181+01:00 Grossi-Andersen kernel: NET: Registered PF_XDP protocol family"},
  {"line": "2026-01-12T13:35:29.841182+01:00 Grossi-Andersen kernel: PCI: CLS 0 bytes, default 64"},
  {"line": "2026-01-12T13:35:29.841184+01:00 Grossi-Andersen kernel: PCI-DMA: Using software bounce buffering for IO (SWIOTLB)"},
  {"line": "2026-01-12T13:35:29.841186+01:00 Grossi-Andersen kernel: software IO TLB: mapped [mem 0x00000000f4000000-0x00000000f8000000] (64MB)"},
  {"line": "2026-01-12T13:35:29.841186+01:00 Grossi-Andersen kernel: Trying to unpack rootfs image as initramfs..."},
  {"line": "2026-01-12T13:35:29.841186+01:00 Grossi-Andersen kernel: Freeing initrd memory: 2720K"},
  {"line": "2026-01-12T13:35:29.841187+01:00 Grossi-Andersen kernel: clocksource: tsc: mask: 0xffffffffffffffff max_cycles: 0x398c2fb76f2, max_idle_ns: 881590769504 ns"},
  {"line": "2026-01-12T13:35:29.841187+01:00 Grossi-Andersen kernel: clocksource: Switched to clocksource tsc"},
  {"line": "2026-01-12T13:35:29.841190+01:00 Grossi-Andersen kernel: Initialise system trusted keyrings"},
  {"line": "2026-01-12T13:35:29.841191+01:00 Grossi-Andersen kernel: Key type blacklist registered"},
  {"line": "2026-01-12T13:35:29.841191+01:00 Grossi-Andersen kernel: workingset: timestamp_bits=36 max_order=22 bucket_order=0"},
  {"line": "2026-01-12T13:35:29.841192+01:00 Grossi-Andersen kernel: squashfs: version 4.0 (2009/01/31) Phillip Lougher"},
  {"line": "2026-01-12T13:35:29.841192+01:00 Grossi-Andersen kernel: fuse: init (API version 7.39)"},
  {"line": "2026-01-12T13:35:29.841193+01:00 Grossi-Andersen kernel: SGI XFS with ACLs, security attributes, realtime, verbose warnings, quota, no debug enabled"},
  {"line": "2026-01-12T13:35:29.841193+01:00 Grossi-Andersen kernel: 9p: Installing v9fs 9p2000 file system support"},
  {"line": "2026-01-12T13:35:29.841200+01:00 Grossi-Andersen kernel: Key type asymmetric registered"},
  {"line": "2026-01-12T13:35:29.841201+01:00 Grossi-Andersen kernel: Asymmetric key parser 'x509' registered"},
  {"line": "2026-01-12T13:35:29.841201+01:00 Grossi-Andersen kernel: Block layer SCSI generic (bsg) driver version 0.4 loaded (major 245)"},
  {"line": "2026-01-12T13:35:29.841202+01:00 Grossi-Andersen kernel: io scheduler mq-deadline registered"},
  {"line": "2026-01-12T13:35:29.841203+01:00 Grossi-Andersen kernel: io scheduler kyber registered"},
  {"line": "2026-01-12T13:35:29.841203+01:00 Grossi-Andersen kernel: hv_vmbus: registering driver hv_pci"},
  {"line": "2026-01-12T13:35:29.841206+01:00 Grossi-Andersen kernel: hv_pci c4b741f5-5582-4c98-8f8b-2e082933c396: PCI VMBus probing: Using version 0x10004"},
  {"line": "2026-01-12T13:35:29.841207+01:00 Grossi-Andersen kernel: hv_pci c4b741f5-5582-4c98-8f8b-2e082933c396: PCI host bridge to bus 5582:00"},
  {"line": "2026-01-12T13:35:29.841208+01:00 Grossi-Andersen kernel: pci_bus 5582:00: root bus resource [mem 0x9ffe00000-0x9ffe02fff window]"},
  {"line": "2026-01-12T13:35:29.841208+01:00 Grossi-Andersen kernel: pci_bus 5582:00: No busn resource found for root bus, will use [bus 00-ff]"},
  {"line": "2026-01-12T13:35:29.841209+01:00 Grossi-Andersen kernel: pci 5582:00:00.0: [1af4:1043] type 00 class 0x010000"},
  {"line": "2026-01-12T13:35:29.841217+01:00 Grossi-Andersen kernel: pci 5582:00:00.0: reg 0x10: [mem 0x9ffe00000-0x9ffe00fff 64bit]"},
  {"line": "2026-01-12T13:35:29.841218+01:00 Grossi-Andersen kernel: pci 5582:00:00.0: reg 0x18: [mem 0x9ffe01000-0x9ffe01fff 64bit]"},
  {"line": "2026-01-12T13:35:29.841303+01:00 Grossi-Andersen kernel: pci 5582:00:00.0: reg 0x20: [mem 0x9ffe02000-0x9ffe02fff 64bit]"},
  {"line": "2026-01-12T13:35:29.841307+01:00 Grossi-Andersen kernel: pci_bus 5582:00: busn_res: [bus 00-ff] end is updated to 00"},
  {"line": "2026-01-12T13:35:29.841309+01:00 Grossi-Andersen kernel: pci 5582:00:00.0: BAR 0: assigned [mem 0x9ffe00000-0x9ffe00fff 64bit]"},
  {"line": "2026-01-12T13:35:29.841310+01:00 Grossi-Andersen kernel: pci 5582:00:00.0: BAR 2: assigned [mem 0x9ffe01000-0x9ffe01fff 64bit]"},
  {"line": "2026-01-12T13:35:29.841310+01:00 Grossi-Andersen kernel: pci 5582:00:00.0: BAR 4: assigned [mem 0x9ffe02000-0x9ffe02fff 64bit]"},
  {"line": "2026-01-12T13:35:29.841311+01:00 Grossi-Andersen kernel: hv_pci 96150781-895b-4755-810b-1fbfd5828d33: PCI VMBus probing: Using version 0x10004"},
  {"line": "2026-01-12T13:35:29.841318+01:00 Grossi-Andersen kernel: hv_pci 96150781-895b-4755-810b-1fbfd5828d33: PCI host bridge to bus 895b:00"},
  {"line": "2026-01-12T13:35:29.841318+01:00 Grossi-Andersen kernel: pci_bus 895b:00: No busn resource found for root bus, will use [bus 00-ff]"},
  {"line": "2026-01-12T13:35:29.841318+01:00 Grossi-Andersen kernel: pci 895b:00:00.0: [1414:008a] type 00 class 0x030200"},
  {"line": "2026-01-12T13:35:29.841319+01:00 Grossi-Andersen kernel: pci_bus 895b:00: busn_res: [bus 00-ff] end is updated to 00"},
  {"line": "2026-01-12T13:35:29.841319+01:00 Grossi-Andersen kernel: hv_pci 1c073362-f367-49c8-a209-718c8a07b8a9: PCI VMBus probing: Using version 0x10004"},
  {"line": "2026-01-12T13:35:29.841319+01:00 Grossi-Andersen kernel: hv_pci 1c073362-f367-49c8-a209-718c8a07b8a9: PCI host bridge to bus f367:00"},
  {"line": "2026-01-12T13:35:29.841370+01:00 Grossi-Andersen kernel: pci_bus f367:00: No busn resource found for root bus, will use [bus 00-ff]"},
  {"line": "2026-01-12T13:35:29.841373+01:00 Grossi-Andersen kernel: pci f367:00:00.0: [1414:008e] type 00 class 0x030200"},
  {"line": "2026-01-12T13:35:29.841374+01:00 Grossi-Andersen kernel: pci_bus f367:00: busn_res: [bus 00-ff] end is updated to 00"},
  {"line": "2026-01-12T13:35:29.841374+01:00 Grossi-Andersen kernel: ioatdma: Intel(R) QuickData Technology Driver 5.00"},
  {"line": "2026-01-12T13:35:29.841375+01:00 Grossi-Andersen kernel: virtio-pci 5582:00:00.0: enabling device (0000 -> 0002)"},
  {"line": "2026-01-12T13:35:29.841375+01:00 Grossi-Andersen kernel: Serial: 8250/16550 driver, 8 ports, IRQ sharing enabled"},
  {"line": "2026-01-12T13:35:29.841376+01:00 Grossi-Andersen kernel: Linux agpgart interface v0.103"},
  {"line": "2026-01-12T13:35:29.841379+01:00 Grossi-Andersen kernel: AMD-Vi: AMD IOMMUv2 functionality not available on this system - This is not a bug."},
  {"line": "2026-01-12T13:35:29.841380+01:00 Grossi-Andersen kernel: ACPI: bus type drm_connector registered"},
  {"line": "2026-01-12T13:35:29.841381+01:00 Grossi-Andersen kernel: printk: console [hvc0] enabled"},
  {"line": "2026-01-12T13:35:29.841381+01:00 Grossi-Andersen kernel: brd: module loaded"},
  {"line": "2026-01-12T13:35:29.841381+01:00 Grossi-Andersen kernel: loop: module loaded"},
  {"line": "2026-01-12T13:35:29.841382+01:00 Grossi-Andersen kernel: Loading iSCSI transport class v2.0-870."},
  {"line": "2026-01-12T13:35:29.841384+01:00 Grossi-Andersen kernel: rdac: device handler registered"},
  {"line": "2026-01-12T13:35:29.841385+01:00 Grossi-Andersen kernel: Microchip SmartPQI Driver (v2.1.24-046)"},
  {"line": "2026-01-12T13:35:29.841386+01:00 Grossi-Andersen kernel: VMware PVSCSI driver - version 1.0.7.0-k"},
  {"line": "2026-01-12T13:35:29.841386+01:00 Grossi-Andersen kernel: hv_vmbus: registering driver hv_storvsc"},
  {"line": "2026-01-12T13:35:29.841387+01:00 Grossi-Andersen kernel: PPP generic driver version 2.4.2"},
  {"line": "2026-01-12T13:35:29.841387+01:00 Grossi-Andersen kernel: scsi host0: storvsc_host_t"},
  {"line": "2026-01-12T13:35:29.841388+01:00 Grossi-Andersen kernel: VMware vmxnet3 virtual NIC driver - version 1.7.0.0-k-NAPI"},
  {"line": "2026-01-12T13:35:29.841392+01:00 Grossi-Andersen kernel: hv_vmbus: registering driver hv_netvsc"},
  {"line": "2026-01-12T13:35:29.841392+01:00 Grossi-Andersen kernel: Fusion MPT base driver 3.04.20"},
  {"line": "2026-01-12T13:35:29.841393+01:00 Grossi-Andersen kernel: Copyright (c) 1999-2008 LSI Corporation"},
  {"line": "2026-01-12T13:35:29.841394+01:00 Grossi-Andersen kernel: Fusion MPT SPI Host driver 3.04.20"},
  {"line": "2026-01-12T13:35:29.841394+01:00 Grossi-Andersen kernel: Fusion MPT SAS Host driver 3.04.20"},
  {"line": "2026-01-12T13:35:29.841395+01:00 Grossi-Andersen kernel: Fusion MPT misc device (ioctl) driver 3.04.20"},
  {"line": "2026-01-12T13:35:29.841398+01:00 Grossi-Andersen kernel: mptctl: Registered with Fusion MPT base driver"},
  {"line": "2026-01-12T13:35:29.841399+01:00 Grossi-Andersen kernel: mptctl: /dev/mptctl @ (major,minor=10,220)"},
  {"line": "2026-01-12T13:35:29.841400+01:00 Grossi-Andersen kernel: i8042: PNP: No PS/2 controller found."},
  {"line": "2026-01-12T13:35:29.841400+01:00 Grossi-Andersen kernel: hv_vmbus: registering driver hyperv_keyboard"},
  {"line": "2026-01-12T13:35:29.841401+01:00 Grossi-Andersen kernel: rtc_cmos 00:00: RTC can wake from S4"},
  {"line": "2026-01-12T13:35:29.841401+01:00 Grossi-Andersen kernel: rtc_cmos 00:00: registered as rtc0"},
  {"line": "2026-01-12T13:35:29.841403+01:00 Grossi-Andersen kernel: rtc_cmos 00:00: setting system clock to 2026-01-12T12:35:23 UTC (1768221323)"},
  {"line": "2026-01-12T13:35:29.841404+01:00 Grossi-Andersen kernel: rtc_cmos 00:00: alarms up to one month, 114 bytes nvram"},
  {"line": "2026-01-12T13:35:29.841404+01:00 Grossi-Andersen kernel: device-mapper: core: CONFIG_IMA_DISABLE_HTABLE is disabled. Duplicate IMA measurements will not be recorded in the IMA log."},
  {"line": "2026-01-12T13:35:29.841405+01:00 Grossi-Andersen kernel: device-mapper: uevent: version 1.0.3"},
  {"line": "2026-01-12T13:35:29.841405+01:00 Grossi-Andersen kernel: device-mapper: ioctl: 4.48.0-ioctl (2023-03-01) initialised: dm-devel@redhat.com"},
  {"line": "2026-01-12T13:35:29.841406+01:00 Grossi-Andersen kernel: hv_utils: Registering HyperV Utility Driver"},
  {"line": "2026-01-12T13:35:29.841406+01:00 Grossi-Andersen kernel: hv_vmbus: registering driver hv_utils"},
  {"line": "2026-01-12T13:35:29.841410+01:00 Grossi-Andersen kernel: hv_vmbus: registering driver hv_balloon"},
  {"line": "2026-01-12T13:35:29.841411+01:00 Grossi-Andersen kernel: hv_vmbus: registering driver dxgkrnl"},
  {"line": "2026-01-12T13:35:29.841411+01:00 Grossi-Andersen kernel: hv_utils: TimeSync IC version 4.0"},
  {"line": "2026-01-12T13:35:29.841413+01:00 Grossi-Andersen kernel: hv_balloon: Using Dynamic Memory protocol version 2.0"},
  {"line": "2026-01-12T13:35:29.841414+01:00 Grossi-Andersen kernel: Free page reporting enabled"},
  {"line": "2026-01-12T13:35:29.841415+01:00 Grossi-Andersen kernel: hv_balloon: Cold memory discard hint enabled with order 9"},
  {"line": "2026-01-12T13:35:29.841418+01:00 Grossi-Andersen kernel: drop_monitor: Initializing network drop monitor service"},
  {"line": "2026-01-12T13:35:29.841419+01:00 Grossi-Andersen kernel: NET: Registered PF_INET6 protocol family"},
  {"line": "2026-01-12T13:35:29.841420+01:00 Grossi-Andersen kernel: Segment Routing with IPv6"},
  {"line": "2026-01-12T13:35:29.841421+01:00 Grossi-Andersen kernel: In-situ OAM (IOAM) with IPv6"},
  {"line": "2026-01-12T13:35:29.841422+01:00 Grossi-Andersen kernel: NET: Registered PF_PACKET protocol family"},
  {"line": "2026-01-12T13:35:29.841422+01:00 Grossi-Andersen kernel: 9pnet: Installing 9P2000 support"},
  {"line": "2026-01-12T13:35:29.841425+01:00 Grossi-Andersen kernel: NET: Registered PF_VSOCK protocol family"},
  {"line": "2026-01-12T13:35:29.841426+01:00 Grossi-Andersen kernel: hv_vmbus: registering driver hv_sock"},
  {"line": "2026-01-12T13:35:29.841426+01:00 Grossi-Andersen kernel: IPI shorthand broadcast: enabled"},
  {"line": "2026-01-12T13:35:29.841427+01:00 Grossi-Andersen kernel: AVX2 version of gcm_enc/dec engaged."},
  {"line": "2026-01-12T13:35:29.841432+01:00 Grossi-Andersen kernel: AES CTR mode by8 optimization enabled"},
  {"line": "2026-01-12T13:35:29.841433+01:00 Grossi-Andersen kernel: sched_clock: Marking stable (640009484, 611077)->(686385486, -45764925)"},
  {"line": "2026-01-12T13:35:29.841434+01:00 Grossi-Andersen kernel: registered taskstats version 1"},
  {"line": "2026-01-12T13:35:29.841437+01:00 Grossi-Andersen kernel: Loading compiled-in X.509 certificates"},
  {"line": "2026-01-12T13:35:29.841439+01:00 Grossi-Andersen kernel: ima: No TPM chip found, activating TPM-bypass!"},
  {"line": "2026-01-12T13:35:29.841439+01:00 Grossi-Andersen kernel: ima: Allocated hash algorithm: sha256"},
  {"line": "2026-01-12T13:35:29.841440+01:00 Grossi-Andersen kernel: ima: No architecture policies found"},
  {"line": "2026-01-12T13:35:29.841441+01:00 Grossi-Andersen kernel: RAS: Correctable Errors collector initialized."},
  {"line": "2026-01-12T13:35:29.841442+01:00 Grossi-Andersen kernel: clk: Disabling unused clocks"},
  {"line": "2026-01-12T13:35:29.841447+01:00 Grossi-Andersen kernel: Freeing unused decrypted memory: 2028K"},
  {"line": "2026-01-12T13:35:29.841448+01:00 Grossi-Andersen kernel: Freeing unused kernel image (initmem) memory: 4492K"},
  {"line": "2026-01-12T13:35:29.841449+01:00 Grossi-Andersen kernel: Write protecting the kernel read-only data: 34816k"},
  {"line": "2026-01-12T13:35:29.841449+01:00 Grossi-Andersen kernel: Freeing unused kernel image (rodata/data gap) memory: 840K"},
  {"line": "2026-01-12T13:35:29.841451+01:00 Grossi-Andersen kernel: Run /init as init process"},
  {"line": "2026-01-12T13:35:29.841452+01:00 Grossi-Andersen kernel:   with arguments:"},
  {"line": "2026-01-12T13:35:29.841453+01:00 Grossi-Andersen kernel:     /init"},
  {"line": "2026-01-12T13:35:29.841459+01:00 Grossi-Andersen kernel:   with environment:"},
  {"line": "2026-01-12T13:35:29.841460+01:00 Grossi-Andersen kernel:     HOME=/"},
  {"line": "2026-01-12T13:35:29.841463+01:00 Grossi-Andersen kernel:     TERM=linux"},
  {"line": "2026-01-12T13:35:29.841464+01:00 Grossi-Andersen kernel:     WSL_ROOT_INIT=1"},
  {"line": "2026-01-12T13:35:29.841465+01:00 Grossi-Andersen kernel:     WSL_ENABLE_CRASH_DUMP=1"},
  {"line": "2026-01-12T13:35:29.841465+01:00 Grossi-Andersen kernel: scsi 0:0:0:0: Direct-Access     Msft     Virtual Disk     1.0  PQ: 0 ANSI: 5"},
  {"line": "2026-01-12T13:35:29.841468+01:00 Grossi-Andersen kernel: scsi 0:0:0:1: Direct-Access     Msft     Virtual Disk     1.0  PQ: 0 ANSI: 5"},
  {"line": "2026-01-12T13:35:29.841469+01:00 Grossi-Andersen kernel: sd 0:0:0:0: Attached scsi generic sg0 type 0"},
  {"line": "2026-01-12T13:35:29.841471+01:00 Grossi-Andersen kernel: sd 0:0:0:0: [sda] 795880 512-byte logical blocks: (407 MB/389 MiB)"},
  {"line": "2026-01-12T13:35:29.841471+01:00 Grossi-Andersen kernel: sd 0:0:0:1: Attached scsi generic sg1 type 0"},
  {"line": "2026-01-12T13:35:29.841471+01:00 Grossi-Andersen kernel: sd 0:0:0:1: [sdb] 381016 512-byte logical blocks: (195 MB/186 MiB)"},
  {"line": "2026-01-12T13:35:29.841471+01:00 Grossi-Andersen kernel: sd 0:0:0:1: [sdb] Write Protect is on"},
  {"line": "2026-01-12T13:35:29.841475+01:00 Grossi-Andersen kernel: sd 0:0:0:0: [sda] Write Protect is on"},
  {"line": "2026-01-12T13:35:29.841476+01:00 Grossi-Andersen kernel: sd 0:0:0:0: [sda] Mode Sense: 0f 00 80 00"},
  {"line": "2026-01-12T13:35:29.841476+01:00 Grossi-Andersen kernel: sd 0:0:0:0: [sda] Write cache: disabled, read cache: enabled, doesn't support DPO or FUA"},
  {"line": "2026-01-12T13:35:29.841477+01:00 Grossi-Andersen kernel: sd 0:0:0:0: [sda] Attached SCSI disk"},
  {"line": "2026-01-12T13:35:29.841479+01:00 Grossi-Andersen kernel: sd 0:0:0:1: [sdb] Mode Sense: 0f 00 80 00"},
  {"line": "2026-01-12T13:35:29.841479+01:00 Grossi-Andersen kernel: sd 0:0:0:1: [sdb] Write cache: disabled, read cache: enabled, doesn't support DPO or FUA"},
  {"line": "2026-01-12T13:35:29.841480+01:00 Grossi-Andersen kernel: sd 0:0:0:1: [sdb] Attached SCSI disk"},
  {"line": "2026-01-12T13:35:29.841616+01:00 Grossi-Andersen kernel: scsi 0:0:0:2: Direct-Access     Msft     Virtual Disk     1.0  PQ: 0 ANSI: 5"},
  {"line": "2026-01-12T13:35:29.841812+01:00 Grossi-Andersen kernel: sd 0:0:0:2: Attached scsi generic sg2 type 0"},
  {"line": "2026-01-12T13:35:29.841821+01:00 Grossi-Andersen kernel: sd 0:0:0:2: [sdc] 8388616 512-byte logical blocks: (4.29 GB/4.00 GiB)"},
  {"line": "2026-01-12T13:35:29.841823+01:00 Grossi-Andersen kernel: sd 0:0:0:2: [sdc] 4096-byte physical blocks"},
  {"line": "2026-01-12T13:35:29.841824+01:00 Grossi-Andersen kernel: sd 0:0:0:2: [sdc] Write Protect is off"},
  {"line": "2026-01-12T13:35:29.841826+01:00 Grossi-Andersen kernel: sd 0:0:0:2: [sdc] Mode Sense: 0f 00 00 00"},
  {"line": "2026-01-12T13:35:29.841828+01:00 Grossi-Andersen kernel: sd 0:0:0:2: [sdc] Write cache: enabled, read cache: enabled, doesn't support DPO or FUA"},
  {"line": "2026-01-12T13:35:29.841830+01:00 Grossi-Andersen kernel: sd 0:0:0:2: [sdc] Attached SCSI disk"},
  {"line": "2026-01-12T13:35:29.841831+01:00 Grossi-Andersen kernel: EXT4-fs (sda): mounted filesystem 00000000-0000-0000-0000-000000000000 ro without journal. Quota mode: none."},
  {"line": "2026-01-12T13:35:29.841925+01:00 Grossi-Andersen kernel: EXT4-fs (sdb): mounted filesystem 00000000-0000-0000-0000-000000000000 ro without journal. Quota mode: none."},
  {"line": "2026-01-12T13:35:29.841929+01:00 Grossi-Andersen kernel: tun: Universal TUN/TAP device driver, 1.6"},
  {"line": "2026-01-12T13:35:29.841930+01:00 Grossi-Andersen kernel: Adding 4194304k swap on /dev/sdc.  Priority:-2 extents:1 across:4194304k "},
  {"line": "2026-01-12T13:35:29.841932+01:00 Grossi-Andersen kernel: bridge: filtering via arp/ip/ip6tables is no longer available by default. Update your scripts to load br_netfilter if you need this."},
  {"line": "2026-01-12T13:35:29.841933+01:00 Grossi-Andersen kernel: Bridge firewalling registered"},
  {"line": "2026-01-12T13:35:29.841934+01:00 Grossi-Andersen kernel: hv_pci d6fab958-ba18-4b11-8626-e72cca9f7f56: PCI VMBus probing: Using version 0x10004"},
  {"line": "2026-01-12T13:35:29.841934+01:00 Grossi-Andersen kernel: hv_pci d6fab958-ba18-4b11-8626-e72cca9f7f56: PCI host bridge to bus ba18:00"},
  {"line": "2026-01-12T13:35:29.841934+01:00 Grossi-Andersen kernel: pci_bus ba18:00: root bus resource [mem 0xc00000000-0xe00001fff window]"},
  {"line": "2026-01-12T13:35:29.841935+01:00 Grossi-Andersen kernel: pci_bus ba18:00: No busn resource found for root bus, will use [bus 00-ff]"},
  {"line": "2026-01-12T13:35:29.841935+01:00 Grossi-Andersen kernel: pci ba18:00:00.0: [1af4:105a] type 00 class 0x088000"},
  {"line": "2026-01-12T13:35:29.841935+01:00 Grossi-Andersen kernel: pci ba18:00:00.0: reg 0x10: [mem 0xe00000000-0xe00000fff 64bit]"},
  {"line": "2026-01-12T13:35:29.841936+01:00 Grossi-Andersen kernel: pci ba18:00:00.0: reg 0x18: [mem 0xe00001000-0xe00001fff 64bit]"},
  {"line": "2026-01-12T13:35:29.841938+01:00 Grossi-Andersen kernel: pci ba18:00:00.0: reg 0x20: [mem 0xc00000000-0xdffffffff 64bit]"},
  {"line": "2026-01-12T13:35:29.841939+01:00 Grossi-Andersen kernel: pci_bus ba18:00: busn_res: [bus 00-ff] end is updated to 00"},
  {"line": "2026-01-12T13:35:29.841939+01:00 Grossi-Andersen kernel: pci ba18:00:00.0: BAR 4: assigned [mem 0xc00000000-0xdffffffff 64bit]"},
  {"line": "2026-01-12T13:35:29.841939+01:00 Grossi-Andersen kernel: pci ba18:00:00.0: BAR 0: assigned [mem 0xe00000000-0xe00000fff 64bit]"},
  {"line": "2026-01-12T13:35:29.841940+01:00 Grossi-Andersen kernel: pci ba18:00:00.0: BAR 2: assigned [mem 0xe00001000-0xe00001fff 64bit]"},
  {"line": "2026-01-12T13:35:29.841941+01:00 Grossi-Andersen kernel: virtio-pci ba18:00:00.0: enabling device (0000 -> 0002)"},
  {"line": "2026-01-12T13:35:29.841941+01:00 Grossi-Andersen kernel: virtiofs virtio1: Cache len: 0x200000000 @ 0xc00000000"},
  {"line": "2026-01-12T13:35:29.841942+01:00 Grossi-Andersen kernel: scsi 0:0:0:3: Direct-Access     Msft     Virtual Disk     1.0  PQ: 0 ANSI: 5"},
  {"line": "2026-01-12T13:35:29.841965+01:00 Grossi-Andersen kernel: sd 0:0:0:3: Attached scsi generic sg3 type 0"},
  {"line": "2026-01-12T13:35:29.841966+01:00 Grossi-Andersen kernel: sd 0:0:0:3: [sdd] 2147483648 512-byte logical blocks: (1.10 TB/1.00 TiB)"},
  {"line": "2026-01-12T13:35:29.841966+01:00 Grossi-Andersen kernel: sd 0:0:0:3: [sdd] 4096-byte physical blocks"},
  {"line": "2026-01-12T13:35:29.841967+01:00 Grossi-Andersen kernel: sd 0:0:0:3: [sdd] Write Protect is off"},
  {"line": "2026-01-12T13:35:29.841967+01:00 Grossi-Andersen kernel: sd 0:0:0:3: [sdd] Mode Sense: 0f 00 00 00"},
  {"line": "2026-01-12T13:35:29.841968+01:00 Grossi-Andersen kernel: sd 0:0:0:3: [sdd] Write cache: enabled, read cache: enabled, doesn't support DPO or FUA"},
  {"line": "2026-01-12T13:35:29.841968+01:00 Grossi-Andersen kernel: sd 0:0:0:3: [sdd] Attached SCSI disk"},
  {"line": "2026-01-12T13:35:29.841969+01:00 Grossi-Andersen kernel: EXT4-fs (sdd): recovery complete"},
  {"line": "2026-01-12T13:35:29.841969+01:00 Grossi-Andersen kernel: EXT4-fs (sdd): mounted filesystem 90d877db-8151-43e5-9773-f1e48e4197ec r/w with ordered data mode. Quota mode: none."},
  {"line": "2026-01-12T13:35:29.841969+01:00 Grossi-Andersen kernel: misc dxg: dxgk: dxgkio_is_feature_enabled: Ioctl failed: -22"},
  {"line": "2026-01-12T13:35:29.841970+01:00 Grossi-Andersen kernel: Failed to connect to bus: No such file or directory"},
  {"line": "2026-01-12T13:35:29.841970+01:00 Grossi-Andersen kernel: misc dxg: dxgk: dxgkio_query_adapter_info: Ioctl failed: -1"},
  {"line": "2026-01-12T13:35:29.841971+01:00 Grossi-Andersen kernel: misc dxg: dxgk: dxgkio_query_adapter_info: Ioctl failed: -22"},
  {"line": "2026-01-12T13:35:29.841978+01:00 Grossi-Andersen kernel: message repeated 4 times: [ misc dxg: dxgk: dxgkio_query_adapter_info: Ioctl failed: -22]"},
  {"line": "2026-01-12T13:35:29.841978+01:00 Grossi-Andersen kernel: misc dxg: dxgk: dxgkio_query_adapter_info: Ioctl failed: -2"},
  {"line": "2026-01-12T13:35:29.841985+01:00 Grossi-Andersen kernel: misc dxg: dxgk: dxgkio_query_adapter_info: Ioctl failed: -22"},
  {"line": "2026-01-12T13:35:29.841986+01:00 Grossi-Andersen kernel: message repeated 2 times: [ misc dxg: dxgk: dxgkio_query_adapter_info: Ioctl failed: -22]"},
  {"line": "2026-01-12T13:35:29.841987+01:00 Grossi-Andersen kernel: misc dxg: dxgk: dxgkio_query_adapter_info: Ioctl failed: -2"},
  {"line": "2026-01-12T13:35:29.841988+01:00 Grossi-Andersen kernel: systemd-journald[42]: Collecting audit messages is disabled."},
  {"line": "2026-01-12T13:35:29.841988+01:00 Grossi-Andersen kernel: systemd-journald[42]: Received client request to flush runtime journal."},
  {"line": "2026-01-12T13:35:29.841989+01:00 Grossi-Andersen kernel: systemd-journald[42]: File /var/log/journal/3f7b046437c24b28ba57d806e3f55e64/system.journal corrupted or uncleanly shut down, renaming and replacing."},
  {"line": "2026-01-12T13:35:29.841990+01:00 Grossi-Andersen kernel: ACPI: AC: AC Adapter [AC1] (off-line)"},
  {"line": "2026-01-12T13:35:29.841991+01:00 Grossi-Andersen kernel: ACPI: battery: Slot [BAT1] (battery present)"},
  {"line": "2026-01-12T13:35:29.850056+01:00 Grossi-Andersen systemd[1]: Started systemd-logind.service - User Login Management."},
  {"line": "2026-01-12T13:35:29.857002+01:00 Grossi-Andersen systemd[1]: Started unattended-upgrades.service - Unattended Upgrades Shutdown."},
  {"line": "2026-01-12T13:35:29.928979+01:00 Grossi-Andersen wsl-pro-service[201]: #033[36mINFO#033[0m Starting WSL Pro Service version v0.1.4"},
  {"line": "2026-01-12T13:35:29.929234+01:00 Grossi-Andersen wsl-pro-service[201]: #033[37mDEBUG#033[0m Debug mode is enabled"},
  {"line": "2026-01-12T13:35:29.929268+01:00 Grossi-Andersen wsl-pro-service[201]: #033[37mDEBUG#033[0m Building new daemon"},
  {"line": "2026-01-12T13:35:29.943431+01:00 Grossi-Andersen snapd[196]: overlord.go:284: Acquiring state lock file"},
  {"line": "2026-01-12T13:35:29.943681+01:00 Grossi-Andersen snapd[196]: overlord.go:289: Acquired state lock file"},
  {"line": "2026-01-12T13:35:29.975540+01:00 Grossi-Andersen snapd[196]: daemon.go:250: started snapd/2.68.5+ubuntu24.04.1 (series 16; classic; devmode; wsl) ubuntu/24.04 (amd64) linux/6.6.87.2-microsoft-standa."},
  {"line": "2026-01-12T13:35:30.027425+01:00 Grossi-Andersen systemd[1]: tmp-syscheck\\x2dmountpoint\\x2d3962921055.mount: Deactivated successfully."},
  {"line": "2026-01-12T13:35:30.031566+01:00 Grossi-Andersen snapd[196]: daemon.go:353: adjusting startup timeout by 30s (pessimistic estimate of 30s plus 5s per snap)"},
  {"line": "2026-01-12T13:35:30.034676+01:00 Grossi-Andersen snapd[196]: backends.go:68: AppArmor status: apparmor not enabled"},
  {"line": "2026-01-12T13:35:30.102285+01:00 Grossi-Andersen systemd[1]: Started snapd.service - Snap Daemon."},
  {"line": "2026-01-12T13:35:30.106305+01:00 Grossi-Andersen wsl-pro-service[201]: #033[37mDEBUG#033[0m Ready state sent to systemd"},
  {"line": "2026-01-12T13:35:30.106822+01:00 Grossi-Andersen wsl-pro-service[201]: #033[36mINFO#033[0m Daemon: connecting to Windows Agent"},
  {"line": "2026-01-12T13:35:30.106875+01:00 Grossi-Andersen wsl-pro-service[201]: #033[37mDEBUG#033[0m Updated systemd status to \"Connecting\""},
  {"line": "2026-01-12T13:35:30.106929+01:00 Grossi-Andersen systemd[1]: Started wsl-pro.service - Bridge to Ubuntu Pro agent on Windows."},
  {"line": "2026-01-12T13:35:30.110385+01:00 Grossi-Andersen dbus-daemon[182]: [system] Activating via systemd: service name='org.freedesktop.timedate1' unit='dbus-org.freedesktop.timedate1.service' requested by ':1.4' (uid=0 pid=196 comm=\"/usr/lib/snapd/snapd\" label=\"kernel\")"},
  {"line": "2026-01-12T13:35:30.111157+01:00 Grossi-Andersen wsl-pro-service[201]: #033[33mWARNING#033[0m Daemon: could not connect to Windows Agent: could not get address: could not read agent port file \"/mnt/c/Users/Conny/.ubuntupro/.address\": open /mnt/c/Users/Conny/.ubuntupro/.address: no such file or directory"},
  {"line": "2026-01-12T13:35:30.111246+01:00 Grossi-Andersen wsl-pro-service[201]: #033[36mINFO#033[0m Reconnecting to Windows host in 1 seconds"},
  {"line": "2026-01-12T13:35:30.111336+01:00 Grossi-Andersen wsl-pro-service[201]: #033[37mDEBUG#033[0m Updated systemd status to \"Not connected: waiting to retry\""},
  {"line": "2026-01-12T13:35:30.120025+01:00 Grossi-Andersen systemd[1]: Starting systemd-timedated.service - Time & Date Service..."},
  {"line": "2026-01-12T13:35:30.217694+01:00 Grossi-Andersen dbus-daemon[182]: [system] Successfully activated service 'org.freedesktop.timedate1'"},
  {"line": "2026-01-12T13:35:30.218110+01:00 Grossi-Andersen systemd[1]: Started systemd-timedated.service - Time & Date Service."},
  {"line": "2026-01-12T13:35:30.235835+01:00 Grossi-Andersen systemd[1]: Finished snapd.seeded.service - Wait until snapd is fully seeded."},
  {"line": "2026-01-12T13:35:30.241933+01:00 Grossi-Andersen systemd[1]: snapd.autoimport.service - Auto import assertions from block devices was skipped because no trigger condition checks were met."},
  {"line": "2026-01-12T13:35:30.354697+01:00 Grossi-Andersen kernel: kvm_amd: TSC scaling supported"},
  {"line": "2026-01-12T13:35:30.354741+01:00 Grossi-Andersen kernel: kvm_amd: Nested Virtualization enabled"},
  {"line": "2026-01-12T13:35:30.354742+01:00 Grossi-Andersen kernel: kvm_amd: Nested Paging enabled"},
  {"line": "2026-01-12T13:35:30.354743+01:00 Grossi-Andersen kernel: kvm_amd: kvm_amd: Hyper-V enlightened NPT TLB flush enabled"},
  {"line": "2026-01-12T13:35:30.354744+01:00 Grossi-Andersen kernel: kvm_amd: kvm_amd: Hyper-V Direct TLB Flush enabled"},
  {"line": "2026-01-12T13:35:30.354744+01:00 Grossi-Andersen kernel: kvm_amd: Virtual VMLOAD VMSAVE supported"},
  {"line": "2026-01-12T13:35:30.394569+01:00 Grossi-Andersen kernel: weston[332]: memfd_create() called without MFD_EXEC or MFD_NOEXEC_SEAL set"},
  {"line": "2026-01-12T13:35:30.504988+01:00 Grossi-Andersen systemd-timesyncd[108]: Contacted time server 185.125.190.56:123 (ntp.ubuntu.com)."},
  {"line": "2026-01-12T13:35:30.505361+01:00 Grossi-Andersen systemd-timesyncd[108]: Initial clock synchronization to Mon 2026-01-12 13:35:30.555907 CET."},
  {"line": "2026-01-12T13:35:30.960556+01:00 Grossi-Andersen landscape-config[189]: Registered:    False"},
  {"line": "2026-01-12T13:35:30.960718+01:00 Grossi-Andersen landscape-config[189]: Config Path:   /etc/landscape/client.conf"},
  {"line": "2026-01-12T13:35:30.960781+01:00 Grossi-Andersen landscape-config[189]: Data Path      /var/lib/landscape/client"},
  {"line": "2026-01-12T13:35:31.058427+01:00 Grossi-Andersen systemd[1]: landscape-client.service: Skipped due to 'exec-condition'."},
  {"line": "2026-01-12T13:35:31.058765+01:00 Grossi-Andersen systemd[1]: Condition check resulted in landscape-client.service - Landscape client daemons being skipped."},
  {"line": "2026-01-12T13:35:31.058931+01:00 Grossi-Andersen systemd[1]: landscape-client.service: Consumed 1.030s CPU time."},
  {"line": "2026-01-12T13:35:31.059115+01:00 Grossi-Andersen systemd[1]: Reached target multi-user.target - Multi-User System."},
  {"line": "2026-01-12T13:35:31.059537+01:00 Grossi-Andersen systemd[1]: Reached target graphical.target - Graphical Interface."},
  {"line": "2026-01-12T13:35:31.088076+01:00 Grossi-Andersen systemd[1]: Starting systemd-update-utmp-runlevel.service - Record Runlevel Change in UTMP..."},
  {"line": "2026-01-12T13:35:31.096069+01:00 Grossi-Andersen systemd[1]: systemd-update-utmp-runlevel.service: Deactivated successfully."},
  {"line": "2026-01-12T13:35:31.096295+01:00 Grossi-Andersen systemd[1]: Finished systemd-update-utmp-runlevel.service - Record Runlevel Change in UTMP."},
  {"line": "2026-01-12T13:35:31.097558+01:00 Grossi-Andersen systemd[1]: Startup finished in 2.292s."},
  {"line": "2026-01-12T13:35:31.112642+01:00 Grossi-Andersen wsl-pro-service[201]: #033[36mINFO#033[0m Daemon: connecting to Windows Agent"},
  {"line": "2026-01-12T13:35:31.112802+01:00 Grossi-Andersen wsl-pro-service[201]: #033[37mDEBUG#033[0m Updated systemd status to \"Connecting\""},
  {"line": "2026-01-12T13:35:31.115307+01:00 Grossi-Andersen wsl-pro-service[201]: #033[33mWARNING#033[0m Daemon: could not connect to Windows Agent: could not get address: could not read agent port file \"/mnt/c/Users/Conny/.ubuntupro/.address\": open /mnt/c/Users/Conny/.ubuntupro/.address: no such file or directory"},
  {"line": "2026-01-12T13:35:31.115447+01:00 Grossi-Andersen wsl-pro-service[201]: #033[36mINFO#033[0m Reconnecting to Windows host in 2 seconds"},
  {"line": "2026-01-12T13:35:31.115544+01:00 Grossi-Andersen wsl-pro-service[201]: #033[37mDEBUG#033[0m Updated systemd status to \"Not connected: waiting to retry\""},
  {"line": "2026-01-12T13:35:31.169627+01:00 Grossi-Andersen systemd[1]: dmesg.service: Deactivated successfully."},
  {"line": "2026-01-12T13:35:31.698029+01:00 Grossi-Andersen systemd[1]: Created slice user-1000.slice - User Slice of UID 1000."},
  {"line": "2026-01-12T13:35:31.699802+01:00 Grossi-Andersen systemd[1]: Starting user-runtime-dir@1000.service - User Runtime Directory /run/user/1000..."},
  {"line": "2026-01-12T13:35:31.736361+01:00 Grossi-Andersen systemd[1]: Finished user-runtime-dir@1000.service - User Runtime Directory /run/user/1000."},
  {"line": "2026-01-12T13:35:31.739428+01:00 Grossi-Andersen systemd[1]: Starting user@1000.service - User Manager for UID 1000..."},
  {"line": "2026-01-12T13:35:31.847415+01:00 Grossi-Andersen systemd[373]: Queued start job for default target default.target."},
  {"line": "2026-01-12T13:35:31.850588+01:00 Grossi-Andersen kernel: systemd-journald[42]: File /var/log/journal/3f7b046437c24b28ba57d806e3f55e64/user-1000.journal corrupted or uncleanly shut down, renaming and replacing."},
  {"line": "2026-01-12T13:35:31.879829+01:00 Grossi-Andersen systemd[373]: Created slice app.slice - User Application Slice."},
  {"line": "2026-01-12T13:35:31.879962+01:00 Grossi-Andersen systemd[373]: Started launchpadlib-cache-clean.timer - Clean up old files in the Launchpadlib cache."},
  {"line": "2026-01-12T13:35:31.879983+01:00 Grossi-Andersen systemd[373]: Reached target paths.target - Paths."},
  {"line": "2026-01-12T13:35:31.879998+01:00 Grossi-Andersen systemd[373]: Reached target timers.target - Timers."},
  {"line": "2026-01-12T13:35:31.880917+01:00 Grossi-Andersen systemd[373]: Starting dbus.socket - D-Bus User Message Bus Socket..."},
  {"line": "2026-01-12T13:35:31.881086+01:00 Grossi-Andersen systemd[373]: Listening on dirmngr.socket - GnuPG network certificate management daemon."},
  {"line": "2026-01-12T13:35:31.881199+01:00 Grossi-Andersen systemd[373]: Listening on gpg-agent-browser.socket - GnuPG cryptographic agent and passphrase cache (access for web browsers)."},
  {"line": "2026-01-12T13:35:31.881369+01:00 Grossi-Andersen systemd[373]: Listening on gpg-agent-extra.socket - GnuPG cryptographic agent and passphrase cache (restricted)."},
  {"line": "2026-01-12T13:35:31.882225+01:00 Grossi-Andersen systemd[373]: Starting gpg-agent-ssh.socket - GnuPG cryptographic agent (ssh-agent emulation)..."},
  {"line": "2026-01-12T13:35:31.882304+01:00 Grossi-Andersen systemd[373]: Listening on gpg-agent.socket - GnuPG cryptographic agent and passphrase cache."},
  {"line": "2026-01-12T13:35:31.882458+01:00 Grossi-Andersen systemd[373]: Listening on keyboxd.socket - GnuPG public key management service."},
  {"line": "2026-01-12T13:35:31.882642+01:00 Grossi-Andersen systemd[373]: Listening on pk-debconf-helper.socket - debconf communication socket."},
  {"line": "2026-01-12T13:35:31.882723+01:00 Grossi-Andersen systemd[373]: Listening on snapd.session-agent.socket - REST API socket for snapd user session agent."},
  {"line": "2026-01-12T13:35:31.883427+01:00 Grossi-Andersen systemd[373]: Starting wslg-session.service - WSLg user service..."},
  {"line": "2026-01-12T13:35:31.893787+01:00 Grossi-Andersen systemd[373]: Listening on dbus.socket - D-Bus User Message Bus Socket."},
  {"line": "2026-01-12T13:35:31.900600+01:00 Grossi-Andersen systemd[373]: Listening on gpg-agent-ssh.socket - GnuPG cryptographic agent (ssh-agent emulation)."},
  {"line": "2026-01-12T13:35:31.900800+01:00 Grossi-Andersen systemd[373]: Reached target sockets.target - Sockets."},
  {"line": "2026-01-12T13:35:31.901052+01:00 Grossi-Andersen systemd[373]: Reached target basic.target - Basic System."},
  {"line": "2026-01-12T13:35:31.901240+01:00 Grossi-Andersen systemd[373]: Reached target default.target - Main User Target."},
  {"line": "2026-01-12T13:35:31.901553+01:00 Grossi-Andersen systemd[1]: Started user@1000.service - User Manager for UID 1000."},
  {"line": "2026-01-12T13:35:31.902082+01:00 Grossi-Andersen systemd[1]: Started session-1.scope - Session 1 of User conny_grossiandersen."},
  {"line": "2026-01-12T13:35:31.914477+01:00 Grossi-Andersen systemd[373]: Finished wslg-session.service - WSLg user service."},
